[www.sordum.org/index.html]
[www.sordum.org/xmlrpc.php]
[www.sordum.org/favicon.ico]
[www.sordum.org/files/images/apple-touch-icon-iphone-60x60-precomposed.png]
[www.sordum.org/files/images/apple-touch-icon-ipad-76x76-precomposed.png]
[www.sordum.org/files/images/apple-touch-icon-iphone-retina-120x120-precomposed.png]
[www.sordum.org/files/images/apple-touch-icon-ipad-retina-152x152-precomposed.png]
[backblue.gif]
[fade.gif]
[index.html]
[www.sordum.org/page/2/index.html]
[www.sordum.org/comments/feed/index.html]
[www.sordum.org/feed/index.html]
[www.sordum.org/wp-includes/js/jquery/jquery4a5f.js]
[www.sordum.org/wp-includes/js/jquery/jquery-migrate.min330a.js]
[www.sordum.org/xmlrpc0db0.php]
[www.sordum.org/wp-json/index.html]
[www.sordum.org/wp-includes/wlwmanifest.xml]
[www.sordum.org/wp-content/uploads/2017/06/sordum.org_logo2.png]
[www.sordum.org/files/images/sordum_logo.png]
[www.sordum.org/wp-content/uploads/2019/02/Askadmin-1.png]
[www.sordum.org/wp-content/uploads/2018/10/start_menu_layout.png]
[www.sordum.org/hashgenerator/index.html]
[www.sordum.org/passwordgenerator/index.html]
[www.sordum.org/wp-content/uploads/2015/10/reg_jump.png]
[www.sordum.org/base64-decode-encode/index.html]
[www.sordum.org/html-entity-decode-encode/index.html]
[www.sordum.org/wp-content/uploads/2016/12/windows_update_blocker.png]
[www.sordum.org/convertcase/index.html]
[www.sordum.org/url-decode-encode/index.html]
[www.sordum.org/wp-content/uploads/2018/12/defender_control.png]
[www.sordum.org/contact-us/index.html]
[www.sordum.org/my-ip-address/index.html]
[www.sordum.org/donate/index.html]
[www.sordum.org/wp-content/uploads/2017/09/FolderPainter.png]
[www.sordum.org/7941/askadmin-v1-6/index.html]
[www.sordum.org/author/velociraptor/index.html]
[www.sordum.org/wp-content/uploads/2016/10/dns_lock.png]
[www.sordum.org/10997/backup-start-menu-layout-v1-2/index.html]
[www.sordum.org/files/images/social-sites.png]
[www.sordum.org/8110/registry-key-jumper-v1-3/index.html]
[www.sordum.org/9470/windows-update-blocker-v1-2/index.html]
[www.sordum.org/files/images/save_blue.gif]
[www.sordum.org/9480/defender-control-v1-5/index.html]
[www.sordum.org/10124/folder-painter-v1-2/index.html]
[www.sordum.org/page/3/index.html]
[www.sordum.org/files/images/our_software.png]
[www.sordum.org/9432/dns-lock-v1-4/index.html]
[www.sordum.org/page/8/index.html]
[www.sordum.org/files/images/ip_addr.png]
[www.sordum.org/files/images/flag.png]
[www.sordum.org/7952/dns-jumper-v2-1/index.html]
[www.sordum.org/7615/easy-context-menu-v1-6/index.html]
[www.sordum.org/wp-content/uploads/2015/10/fab1.jpg]
[www.sordum.org/8125/firewall-app-blocker-fab-v1-6/index.html]
[www.sordum.org/8637/easy-service-optimizer-v1-2/index.html]
[www.sordum.org/wp-content/uploads/2017/02/disable_internet_with_netdisabler.jpg]
[www.sordum.org/8266/bluelifehosts-editor-v1-2/index.html]
[www.sordum.org/8366/reicon-v1-9-restore-desktop-icon-layouts/index.html]
[www.sordum.org/wp-content/uploads/2015/10/simple_run_blocker.jpg]
[www.sordum.org/8127/dns-angel-v1-6/index.html]
[www.sordum.org/8104/ratool-v1-3-removable-access-tool/index.html]
[www.sordum.org/wp-content/uploads/2013/11/shutdown_windows_01.png]
[www.sordum.org/8117/ntfs-drive-protection-v1-5/index.html]
[www.sordum.org/7763/qemu-simple-boot-v1-3/index.html]
[www.sordum.org/wp-content/plugins/cookie-notice/js/front.mine8f3.js]
[www.sordum.org/8585/webcam-on-off-v1-3/index.html]
[www.sordum.org/9312/edge-blocker-v1-4/index.html]
[www.sordum.org/6423/tunnel-adapter-–-microsoft-6to4-adapter-remover/index.html]
[www.sordum.org/wp-content/themes/point/js/customscripts3afc.js]
[www.sordum.org/8478/reg-converter-v1-2/index.html]
[www.sordum.org/8727/runastool-v1-4/index.html]
[www.sordum.org/wp-includes/js/wp-embed.min7752.js]
[www.sordum.org/index.html]
[www.sordum.org/8486/simple-run-blocker-v1-5/index.html]
[www.sordum.org/9197/reduce-memory-v1-2/index.html]
[www.sordum.org/google6e13bcb7e2a5b394.html]
[www.sordum.org/8501/drive-letter-changer-v1-3/index.html]
[www.sordum.org/7921/bluelife-keyfreeze-v1-4-block-keyboard-and-mouse/index.html]
[www.sordum.org/10411/router-default-password-v1-0/index.html]
[www.sordum.org/9416/powerrun-v1-3-run-with-highest-privileges/index.html]
[www.sordum.org/xmlrpc.php]
[www.sordum.org/8705/simple-vhd-manager-v1-3/index.html]
[www.sordum.org/9307/show-disk-partition-stye-v1-0/index.html]
[www.sordum.org/10830/sendto-menu-editor-v1-1/index.html]
[www.sordum.org/page/2/google6e13bcb7e2a5b394.html]
[www.sordum.org/9190/temp-cleaner-v1-2/index.html]
[www.sordum.org/9194/rebuild-shell-icon-cache-v1-1/index.html]
[www.sordum.org/9660/net-disabler-v1-0/index.html]
[www.sordum.org/9203/update-time-v1-2/index.html]
[www.sordum.org/xmlrpc0db0.php]
[www.sordum.org/9192/restart-explorer-v1-4/index.html]
[www.sordum.org/8058/bpuzzle-v1-1/index.html]
[www.sordum.org/wp-content/uploads/2018/04/defender_injector.png]
[www.sordum.org/9182/windows-topmost-control/index.html]
[www.sordum.org/9199/fix-print-spooler-v1-1/index.html]
[www.sordum.org/9817/reset-data-usage-v1-2/index.html]
[www.sordum.org/wp-content/uploads/2018/12/streams_remover_gui.png]
[www.sordum.org/10636/defender-injector-v1-1/index.html]
[www.sordum.org/wp-content/uploads/2015/10/dns_angel.jpg]
[www.sordum.org/9201/copy-ip-v1-2/index.html]
[www.sordum.org/10772/bluetooth-version-finder-v1-0/index.html]
[www.sordum.org/9205/shut-down-windows-v1-1/index.html]
[www.sordum.org/wp-content/uploads/2018/10/win10_settings_blocker.png]
[www.sordum.org/9502/hibernate-enable-or-disable-v1-2/index.html]
[www.sordum.org/wp-content/uploads/2018/10/hide_from_uninstall_list.jpg]
[www.sordum.org/11128/win10-settings-blocker-v1-1/index.html]
[www.sordum.org/9341/show-desktop-icons-v1-0/index.html]
[www.sordum.org/9209/vhd-for-context-menu-v1-0/index.html]
[www.sordum.org/wp-content/uploads/2015/10/Runastool1.jpg]
[www.sordum.org/10084/desktop-ini-editor-v1-0/index.html]
[www.sordum.org/wp-content/uploads/2015/10/Reicon.png]
[www.sordum.org/10104/sordum-monitor-off-v1-0/index.html]
[www.sordum.org/10946/sordum-random-password-generator/index.html]
[www.sordum.org/9207/find-prime-numbers-v1-1/index.html]
[www.sordum.org/wp-content/uploads/2015/06/topmost_control.png]
[www.sordum.org/11081/hide-from-uninstall-list-v1-0/index.html]
[www.sordum.org/wp-content/uploads/2013/04/bpuzzle1.png]
[www.sordum.org/11263/streams-remover-v1-0/index.html]
[www.sordum.org/10997/backup-start-menu-layout-v1-2/comment-page-2/index.html]
[www.sordum.org/9470/windows-update-blocker-v1-2/comment-page-12/index.html]
[www.sordum.org/wp-content/uploads/2013/04/fixprint_spooler_01.png]
[www.sordum.org/9480/defender-control-v1-5/comment-page-4/index.html]
[www.sordum.org/8117/ntfs-drive-protection-v1-5/comment-page-4/index.html]
[www.sordum.org/wp-content/uploads/2015/10/quemu_simle_boot.png]
[www.sordum.org/page/2/index.html]
[www.sordum.org/wp-includes/css/dist/block-library/style.min7752.css]
[www.sordum.org/wp-content/plugins/cookie-notice/css/front.min7752.css]
[www.sordum.org/privacy-policy/index.html]
[www.sordum.org/eula/index.html]
[www.sordum.org/wp-content/themes/point/fonts/point5622.eot]
[www.sordum.org/page/4/index.html]
[www.sordum.org/wp-content/themes/point/fonts/point5622.woff]
[www.sordum.org/wp-content/themes/point/fonts/point5622.ttf]
[www.sordum.org/wp-content/themes/point/fonts/droid-sans.woff2]
[www.sordum.org/wp-content/themes/point/fonts/droid-sans.bold.woff2]
[www.sordum.org/wp-content/themes/point/images/code.png]
[www.sordum.org/wp-content/themes/point/style7752.css]
[www.sordum.org/xmlrpc.php]
[www.sordum.org/xmlrpc0db0.php]
[www.sordum.org/wp-json/oembed/1.0/embedeede.json]
[www.sordum.org/indexd4aa.html]
[www.sordum.org/wp-json/oembed/1.0/embed2dc2]
[www.sordum.org/wp-content/uploads/2016/01/Block_microsoft_edge.png]
[www.sordum.org/wp-content/uploads/2018/06/sendto_menu_editor.jpg]
[www.sordum.org/wp-content/uploads/2015/10/ratool_main1.jpg]
[www.sordum.org/hashgenerator/index.html]
[www.sordum.org/xmlrpc.php]
[www.sordum.org/xmlrpc0db0.php]
[www.sordum.org/wp-json/oembed/1.0/embedc064.json]
[www.sordum.org/index8cf3.html]
[www.sordum.org/wp-json/oembed/1.0/embed97cf]
[www.sordum.org/files/webtools/pwgen.js]
[www.sordum.org/wp-content/uploads/2015/10/tunneladapter2.png]
[www.sordum.org/wp-content/uploads/2018/02/router_default_password.png]
[www.sordum.org/wp-content/uploads/2016/12/hibernation_on_off.jpg]
[www.sordum.org/6423/tunnel-adapter-microsoft-6to4-adapter-remover/index.html]
[www.sordum.org/wp-content/uploads/2016/02/show_desktop_icon.png]
[www.sordum.org/passwordgenerator/index.html]
[www.sordum.org/xmlrpc.php]
[www.sordum.org/xmlrpc0db0.php]
[www.sordum.org/wp-json/oembed/1.0/embed1d3d.json]
[www.sordum.org/index46be.html]
[www.sordum.org/wp-json/oembed/1.0/embed5e6c]
[www.sordum.org/files/webtools/convertcase.js]
[www.sordum.org/wp-content/uploads/2015/10/drive_letter_changer.png]
[www.sordum.org/wp-content/uploads/2013/11/temp_cleaner_01.png]
[www.sordum.org/convertcase/index.html]
[www.sordum.org/xmlrpc.php]
[www.sordum.org/xmlrpc0db0.php]
[www.sordum.org/wp-json/oembed/1.0/embed39ce.json]
[www.sordum.org/index6904.html]
[www.sordum.org/wp-json/oembed/1.0/embedb6f9]
[www.sordum.org/files/webtools/base64.js]
[www.sordum.org/wp-content/uploads/2017/09/sordum_monitor_off.jpg]
[www.sordum.org/base64-decode-encode/index.html]
[www.sordum.org/xmlrpc.php]
[www.sordum.org/xmlrpc0db0.php]
[www.sordum.org/wp-json/oembed/1.0/embed3736.json]
[www.sordum.org/index895f.html]
[www.sordum.org/wp-json/oembed/1.0/embedda81]
[www.sordum.org/wp-content/uploads/2015/10/ntfs_drive_protection2.jpg]
[www.sordum.org/wp-content/uploads/2014/03/restart_explorer_01.png]
[www.sordum.org/wp-content/uploads/2015/10/Blue_life_hosts_editor.jpg]
[www.sordum.org/html-entity-decode-encode/index.html]
[www.sordum.org/xmlrpc.php]
[www.sordum.org/xmlrpc0db0.php]
[www.sordum.org/wp-json/oembed/1.0/embed44eb.json]
[www.sordum.org/index8aea.html]
[www.sordum.org/wp-json/oembed/1.0/embedc6a4]
[www.sordum.org/wp-content/uploads/2014/03/copy_ip_01.png]
[www.sordum.org/wp-content/uploads/2018/08/sordum_random_password_gen.png]
[www.sordum.org/wp-content/uploads/2015/10/simple_vhd_manager.jpg]
[www.sordum.org/url-decode-encode/index.html]
[www.sordum.org/xmlrpc.php]
[www.sordum.org/xmlrpc0db0.php]
[www.sordum.org/wp-json/oembed/1.0/embed9809.json]
[www.sordum.org/index6f5c.html]
[www.sordum.org/wp-json/oembed/1.0/embedb28d]
[www.sordum.org/wp-content/uploads/2017/02/find_your_ip.jpg]
[www.sordum.org/wp-content/uploads/2017/05/reset_win10_data_usage.png]
[www.sordum.org/wp-content/uploads/2015/10/keyfreeze.png]
[www.sordum.org/wp-content/uploads/2015/10/easy_service_optimizer.png]
[www.sordum.org/my-ip-address/index.html]
[www.sordum.org/xmlrpc.php]
[www.sordum.org/xmlrpc0db0.php]
[www.sordum.org/wp-json/oembed/1.0/embedf637.json]
[www.sordum.org/indexb438.html]
[www.sordum.org/wp-json/oembed/1.0/embedb3cb]
[www.sordum.org/files/contact.html]
[www.sordum.org/wp-content/uploads/2015/10/regconverter.jpg]
[www.sordum.org/contact-us/index.html]
[www.sordum.org/xmlrpc.php]
[www.sordum.org/xmlrpc0db0.php]
[www.sordum.org/wp-json/oembed/1.0/embed9686.json]
[www.sordum.org/index9421.html]
[www.sordum.org/wp-json/oembed/1.0/embed9cd6]
[www.sordum.org/wp-content/uploads/2019/01/donation.png]
[www.sordum.org/wp-content/uploads/2018/04/DonateSordumWithPaypal.png]
[www.sordum.org/wp-content/uploads/2015/12/find_prime_number_01.jpg]
[www.sordum.org/donate/index.html]
[www.sordum.org/xmlrpc.php]
[www.sordum.org/xmlrpc0db0.php]
[www.sordum.org/7941/askadmin-v1-6/feed/index.html]
[www.sordum.org/wp-json/oembed/1.0/embed42e0.json]
[www.sordum.org/index2351.html]
[www.sordum.org/wp-json/oembed/1.0/embed9203]
[www.sordum.org/files/images/social_share.png]
[www.sordum.org/wp-content/uploads/2019/02/Askadmin.png]
[www.sordum.org/wp-content/uploads/2019/02/ask_admin_drag_and_drop.png]
[www.sordum.org/wp-content/uploads/2019/02/askadmin_blocked_by_admin.png]
[www.sordum.org/wp-content/uploads/2019/02/AskAdmin_untick.png]
[www.sordum.org/wp-content/uploads/2019/02/block_uwp_apps.png]
[www.sordum.org/wp-content/uploads/2019/02/uwp_app_select.png]
[www.sordum.org/wp-content/uploads/2019/02/block_windows_components.png]
[www.sordum.org/wp-content/uploads/2019/02/AskAdmin_export_list.png]
[www.sordum.org/wp-content/uploads/2019/02/AskAdmin_import_list.png]
[www.sordum.org/files/images/buynow.png]
[www.sordum.org/files/eula/eula_askadmin.zip]
[www.sordum.org/files/images/eula.png]
[www.sordum.org/files/images/download.png]
[www.sordum.org/wp-content/uploads/2015/10/reg_jump-60x57.png]
[www.sordum.org/downloads/index05d3.html]
[www.sordum.org/wp-content/uploads/2015/10/webcam_on_off_software-60x57.jpg]
[www.sordum.org/wp-content/uploads/2015/10/simple_vhd_manager-60x57.jpg]
[www.sordum.org/wp-content/uploads/2016/08/powerrun-1-60x57.jpg]
[www.sordum.org/files/imagec479.png]
[www.sordum.org/7941/askadmin-v1-6/index.html]
[www.sordum.org/7941/askadmin-v1-6/comment-page-2/index.html]
[www.sordum.org/7941/askadmin-v1-6/comment-page-1/index.html]
[www.sordum.org/10636/defender-injector-v1-1/comment-page-2/index.html]
[www.sordum.org/9432/dns-lock-v1-4/comment-page-1/index.html]
[www.sordum.org/xmlrpc.php]
[www.sordum.org/xmlrpc0db0.php]
[www.sordum.org/author/velociraptor/page/2/index.html]
[www.sordum.org/wp-content/uploads/2013/11/update_time_01.png]
[www.sordum.org/author/velociraptor/index.html]
[www.sordum.org/author/velociraptor/feed/index.html]
[www.sordum.org/author/velociraptor/page/3/index.html]
[www.sordum.org/author/velociraptor/page/8/index.html]
[www.sordum.org/xmlrpc.php]
[www.sordum.org/xmlrpc0db0.php]
[www.sordum.org/10997/backup-start-menu-layout-v1-2/feed/index.html]
[www.sordum.org/wp-json/oembed/1.0/embed2940.json]
[www.sordum.org/index79c5.html]
[www.sordum.org/wp-json/oembed/1.0/embede83b]
[www.sordum.org/wp-content/uploads/2018/09/default_start_menu_layout.jpg]
[www.sordum.org/wp-content/uploads/2018/09/backup_start_menu_layout.png]
[www.sordum.org/wp-content/uploads/2018/09/restore_startup_menu_layout.png]
[www.sordum.org/wp-content/uploads/2018/09/start_menu_layout_hasbeen_reset.png]
[www.sordum.org/wp-content/uploads/2018/09/bs_menu_layout_cmdsupport.png]
[www.sordum.org/wp-content/uploads/2017/02/disable_internet_with_netdisabler-60x57.jpg]
[www.sordum.org/downloads/index5233.html]
[www.sordum.org/wp-content/uploads/2018/12/streams_remover_gui-60x57.png]
[www.sordum.org/wp-content/uploads/2016/10/dns_lock-60x57.png]
[www.sordum.org/wp-content/uploads/2016/01/vhd-for-context-menu_01-60x57.png]
[www.sordum.org/10997/backup-start-menu-layout-v1-2/index.html]
[www.sordum.org/xmlrpc.php]
[www.sordum.org/10997/backup-start-menu-layout-v1-2/comment-page-1/index.html]
[www.sordum.org/xmlrpc0db0.php]
[www.sordum.org/8110/registry-key-jumper-v1-3/feed/index.html]
[www.sordum.org/wp-json/oembed/1.0/embed0165.json]
[www.sordum.org/index36f2.html]
[www.sordum.org/wp-json/oembed/1.0/embedb6ed]
[www.sordum.org/wp-content/uploads/2013/05/reg_jump.png]
[www.sordum.org/wp-content/uploads/2018/03/registry_key_jumper_main.png]
[www.sordum.org/wp-content/uploads/2018/03/reg_key_jumper_right_click_menu.png]
[www.sordum.org/wp-content/uploads/2018/03/registry_key_jumper_file_menu.png]
[www.sordum.org/wp-content/uploads/2018/03/registry_key_jumper_list_menu.png]
[www.sordum.org/wp-content/uploads/2018/03/registry_key_jumper_settings.png]
[www.sordum.org/wp-content/uploads/2018/03/registry_key_jumper_options.png]
[www.sordum.org/wp-content/uploads/2018/03/registry_keyJumper_systemtray.png]
[www.sordum.org/files/images/majorgeeks.jpg]
[www.sordum.org/wp-content/uploads/2016/12/windows_update_blocker-60x57.png]
[www.sordum.org/wp-content/uploads/2018/02/router_default_password-60x57.png]
[www.sordum.org/downloads/index9a63.html]
[www.sordum.org/wp-content/uploads/2015/10/fab1-60x57.jpg]
[www.sordum.org/wp-content/uploads/2015/10/ntfs_drive_protection2-60x57.jpg]
[www.sordum.org/wp-content/uploads/2016/01/vhd-for-context-menu_01.png]
[www.sordum.org/8110/registry-key-jumper-v1-3/index.html]
[www.sordum.org/8110/registry-key-jumper-v1-3/comment-page-2/index.html]
[www.sordum.org/xmlrpc.php]
[www.sordum.org/8110/registry-key-jumper-v1-3/comment-page-1/index.html]
[www.sordum.org/xmlrpc0db0.php]
[www.sordum.org/9470/windows-update-blocker-v1-2/feed/index.html]
[www.sordum.org/wp-json/oembed/1.0/embed833a.json]
[www.sordum.org/indexb058.html]
[www.sordum.org/wp-json/oembed/1.0/embed01b4]
[www.sordum.org/wp-content/uploads/2016/12/windos_update_blocker_main.png]
[www.sordum.org/wp-content/uploads/2016/12/windos_update_blocker_blocked.png]
[www.sordum.org/wp-content/uploads/2016/12/services.png]
[www.sordum.org/wp-content/uploads/2016/12/windows_update_medic_service.png]
[www.sordum.org/wp-content/uploads/2016/12/wub_ini_file.png]
[www.sordum.org/wp-content/uploads/2016/12/wub_service_list_options.png]
[www.sordum.org/wp-content/uploads/2016/12/wud_cmd_parameter.png]
[www.sordum.org/files/images/virus_total_clean.png]
[www.sordum.org/wp-content/uploads/2019/02/Askadmin-1-60x57.png]
[www.sordum.org/wp-content/uploads/2018/12/defender_control-60x57.png]
[www.sordum.org/wp-content/uploads/2013/11/reduce_memory_01-60x57.png]
[www.sordum.org/downloads/index770b.html]
[www.sordum.org/wp-content/uploads/2015/10/drive_letter_changer-60x57.png]
[www.sordum.org/9470/windows-update-blocker-v1-2/index.html]
[www.sordum.org/9470/windows-update-blocker-v1-2/comment-page-11/index.html]
[www.sordum.org/9470/windows-update-blocker-v1-2/comment-page-1/index.html]
[www.sordum.org/xmlrpc.c1.delayed]
[www.sordum.org/9470/windows-update-blocker-v1-2/comment-page-10/index.html]
[www.sordum.org/9480/defender-control-v1-5/feed/index.html]
[www.sordum.org/xmlrpc0db0.php]
[www.sordum.org/wp-json/oembed/1.0/embed043b.json]
[www.sordum.org/index619f.html]
[www.sordum.org/wp-json/oembed/1.0/embedb835]
[www.sordum.org/wp-content/uploads/2018/02/defender_control_menu.png]
[www.sordum.org/wp-content/uploads/2018/02/windows_defender_is_running.png]
[www.sordum.org/wp-content/uploads/2018/02/windows_defender_is_turned_off.png]
[www.sordum.org/wp-content/uploads/2018/02/defender_can_not_be_started.png]
[www.sordum.org/wp-content/uploads/2018/02/defender_control_cmd.png]
[www.sordum.org/wp-content/uploads/2015/10/tunneladapter2-60x57.png]
[www.sordum.org/downloads/indexce32.html]
[www.sordum.org/wp-content/uploads/2015/10/simple_run_blocker-60x57.jpg]
[www.sordum.org/9480/defender-control-v1-5/index.html]
[www.sordum.org/9480/defender-control-v1-5/comment-page-3/index.html]
[www.sordum.org/9480/defender-control-v1-5/comment-page-1/index.html]
[www.sordum.org/9480/defender-control-v1-5/comment-page-2/index.html]
[www.sordum.org/10124/folder-painter-v1-2/feed/index.html]
[www.sordum.org/xmlrpc.cd0db0.delayed]
[www.sordum.org/wp-json/oembed/1.0/embedeaf2.json]
[www.sordum.org/index4f3b.html]
[www.sordum.org/wp-json/oembed/1.0/embedaef2]
[www.sordum.org/wp-content/uploads/2017/09/FolderPainter_main.jpg]
[www.sordum.org/wp-content/uploads/2017/09/folderpainter_contextmenu.png]
[www.sordum.org/wp-content/uploads/2017/09/download_icon_packs.png]
[www.sordum.org/wp-content/uploads/2017/09/FolderPainter_cmd_support.png]
[www.sordum.org/wp-content/uploads/2017/09/sordum_monitor_off-60x57.jpg]
[www.sordum.org/wp-content/uploads/2018/08/sordum_random_password_gen-60x57.png]
[www.sordum.org/downloads/indexd0ec.html]
[www.sordum.org/wp-content/uploads/2018/10/win10_settings_blocker-60x57.png]
[www.sordum.org/wp-content/uploads/2015/10/dns_jumper_v20.jpg]
[www.sordum.org/10124/folder-painter-v1-2/index.html]
[www.sordum.org/9432/dns-lock-v1-4/feed/index.html]
[www.sordum.org/10124/folder-painter-v1-2/comment-page-2/index.html]
[www.sordum.org/10124/folder-painter-v1-2/comment-page-1/index.html]
[www.sordum.org/index1827.html]
[www.sordum.org/wp-json/oembed/1.0/embedc713.json]
[www.sordum.org/wp-json/oembed/1.0/embedd0cb]
[www.sordum.org/wp-content/uploads/2016/10/dns_lock_main-1.png]
[www.sordum.org/wp-content/uploads/2016/10/dns_lock_ipv4_changed.png]
[www.sordum.org/wp-content/uploads/2016/10/dns_lock_ipv4_6_changed.png]
[www.sordum.org/wp-content/uploads/2016/10/dns_lock_commandline_parameters.png]
[www.sordum.org/wp-content/uploads/2013/04/bpuzzle1-60x57.png]
[www.sordum.org/wp-content/uploads/2016/01/Mbr_or_Gpt_find_out-60x57.jpg]
[www.sordum.org/downloads/indexa5a7.html]
[www.sordum.org/wp-content/uploads/2014/03/copy_ip_01-60x57.png]
[www.sordum.org/wp-content/uploads/2016/01/Mbr_or_Gpt_find_out.jpg]
[www.sordum.org/9432/dns-lock-v1-4/index.html]
[www.sordum.org/page/3/google6e13bcb7e2a5b394.html]
[www.sordum.org/9307/show-disk-partition-style-v1-0/index.html]
[www.sordum.org/wp-content/uploads/2018/06/bluetooth_version_finder.png]
[www.sordum.org/wp-content/uploads/2013/11/reduce_memory_01.png]
[www.sordum.org/wp-content/uploads/2016/08/powerrun-1.jpg]
[www.sordum.org/wp-content/uploads/2015/10/Easy_context_menu.jpg]
[www.sordum.org/page/3/index.html]
[www.sordum.org/page/5/index.html]
[www.sordum.org/page/8/google6e13bcb7e2a5b394.html]
[www.sordum.org/page/8/index.html]
[www.sordum.org/page/7/index.html]
[www.sordum.org/page/6/index.html]
[www.sordum.org/7952/dns-jumper-v2-1/2/index.html]
[www.sordum.org/7952/dns-jumper-v2-1/feed/index.html]
[www.sordum.org/indexa613.html]
[www.sordum.org/wp-json/oembed/1.0/embed607f.json]
[www.sordum.org/wp-json/oembed/1.0/embed18ee]
[www.sordum.org/wp-content/uploads/2013/10/dns_jumper_v20.png]
[www.sordum.org/wp-content/uploads/2013/10/dns_jumper_main_gui.png]
[www.sordum.org/wp-content/uploads/2013/10/dns_jumper_change_dns.png]
[www.sordum.org/wp-content/uploads/2013/10/dns_jumper_backup_restore_dns.png]
[www.sordum.org/files/images/youtube.png]
[www.sordum.org/files/images/softpedia.png]
[www.sordum.org/7952/dns-jumper-v2-1/4/index.html]
[www.sordum.org/files/images/red_ferret.png]
[www.sordum.org/7952/dns-jumper-v2-1/3/index.html]
[www.sordum.org/files/images/fiber_5_star.jpg]
[www.sordum.org/files/images/softonic.png]
[www.sordum.org/files/images/3k_review.jpg]
[www.sordum.org/files/images/filecluster_rated_5.jpg]
[www.sordum.org/files/images/filehorse-award.jpg]
[www.sordum.org/wp-content/uploads/2015/10/Reicon-60x57.png]
[www.sordum.org/wp-content/uploads/2015/10/Runastool1-60x57.jpg]
[www.sordum.org/files/dns-jumper/DnsJumper.zip]
[www.sordum.org/7952/dns-jumper-v2-1/index.html]
[www.sordum.org/7952/dns-jumper-v2-1/comment-page-25/index.html]
[www.sordum.org/downloads/index4d7d.html]
[www.sordum.org/7952/dns-jumper-v2-1/comment-page-1/index.html]
[www.sordum.org/7952/dns-jumper-v2-1/comment-page-24/index.html]
[www.sordum.org/7615/easy-context-menu-v1-6/feed/index.html]
[www.sordum.org/wp-json/oembed/1.0/embed9d69.json]
[www.sordum.org/index4489.html]
[www.sordum.org/wp-json/oembed/1.0/embedd99a]
[www.sordum.org/wp-content/uploads/2014/03/Easy_context_menu.jpg]
[www.sordum.org/wp-content/uploads/2014/03/easy_context_menu_main.png]
[www.sordum.org/wp-content/uploads/2014/03/easy_context_menu_items.png]
[www.sordum.org/wp-content/uploads/2014/03/easy_context_menu_list_editor_main.png]
[www.sordum.org/wp-content/uploads/2014/03/context_menu_cleaner.png]
[www.sordum.org/wp-content/uploads/2014/02/block_in_windows_firewall.png]
[www.sordum.org/wp-content/uploads/2015/08/windows_10_bug.png]
[www.sordum.org/files/images/ilovefreesoftware.png]
[www.sordum.org/files/images/giga_de.jpg]
[www.sordum.org/wp-content/uploads/2015/10/quemu_simle_boot-60x57.png]
[www.sordum.org/wp-content/uploads/2015/10/dns_jumper_v20-60x57.jpg]
[www.sordum.org/wp-content/uploads/2017/08/desktop_ini_editor.jpg]
[www.sordum.org/7615/easy-context-menu-v1-6/index.html]
[www.sordum.org/downloads/index6680.html]
[www.sordum.org/7615/easy-context-menu-v1-6/comment-page-11/index.html]
[www.sordum.org/7615/easy-context-menu-v1-6/comment-page-1/index.html]
[www.sordum.org/7615/easy-context-menu-v1-6/comment-page-10/index.html]
[www.sordum.org/wp-json/oembed/1.0/embed106f.json]
[www.sordum.org/indexa5b9.html]
[www.sordum.org/8125/firewall-app-blocker-fab-v1-6/feed/index.html]
[www.sordum.org/wp-json/oembed/1.0/embed97b4]
[www.sordum.org/wp-content/uploads/2013/07/fab.jpg]
[www.sordum.org/wp-content/uploads/2017/02/fab_drag_and_drop.png]
[www.sordum.org/wp-content/uploads/2017/02/fab_right_click.png]
[www.sordum.org/wp-content/uploads/2017/02/fab_firewall.png]
[www.sordum.org/files/firewall-app-blocker/edge_rule.zip]
[www.sordum.org/wp-content/uploads/2017/02/fab_file_and_options_menus.png]
[www.sordum.org/wp-content/uploads/2017/02/fab_add_process.png]
[www.sordum.org/wp-content/uploads/2017/02/fab_right_click_menu.jpg]
[www.sordum.org/wp-content/uploads/2017/02/fab_parameter_support.png]
[www.sordum.org/wp-content/uploads/2015/10/regconverter-60x57.jpg]
[www.sordum.org/wp-content/uploads/2015/10/Easy_context_menu-60x57.jpg]
[www.sordum.org/downloads/indexe360.html]
[www.sordum.org/wp-content/uploads/2016/01/Block_microsoft_edge-60x57.png]
[www.sordum.org/8125/firewall-app-blocker-fab-v1-6/index.html]
[www.sordum.org/8125/firewall-app-blocker-fab-v1-6/comment-page-1/index.html]
[www.sordum.org/8125/firewall-app-blocker-fab-v1-6/comment-page-9/index.html]
[www.sordum.org/8637/easy-service-optimizer-v1-2/feed/index.html]
[www.sordum.org/wp-json/oembed/1.0/embed31dc.json]
[www.sordum.org/index0734.html]
[www.sordum.org/8125/firewall-app-blocker-fab-v1-6/comment-page-8/index.html]
[www.sordum.org/wp-json/oembed/1.0/embed7c49]
[www.sordum.org/wp-content/uploads/2015/03/easy_service_optimizer.jpg]
[www.sordum.org/wp-content/uploads/2015/04/eso_main.png]
[www.sordum.org/wp-content/uploads/2015/04/eso_apply_settings.png]
[www.sordum.org/wp-content/uploads/2015/04/eso_reset_service_list.png]
[www.sordum.org/wp-content/uploads/2015/04/eso_save_as.png]
[www.sordum.org/wp-content/uploads/2015/04/eso_edit_service.png]
[www.sordum.org/wp-content/uploads/2015/04/eso_cmd.png]
[www.sordum.org/wp-content/uploads/2015/10/keyfreeze-60x57.png]
[www.sordum.org/8637/easy-service-optimizer-v1-2/index.html]
[www.sordum.org/downloads/index4a7d.html]
[www.sordum.org/8637/easy-service-optimizer-v1-2/comment-page-3/index.html]
[www.sordum.org/8637/easy-service-optimizer-v1-2/comment-page-1/index.html]
[www.sordum.org/8637/easy-service-optimizer-v1-2/comment-page-2/index.html]
[www.sordum.org/8266/bluelifehosts-editor-v1-2/feed/index.html]
[www.sordum.org/wp-json/oembed/1.0/embed88e2.json]
[www.sordum.org/index25a7.html]
[www.sordum.org/wp-json/oembed/1.0/embed2943]
[www.sordum.org/wp-content/uploads/2013/09/Blue_life_hosts_editor.jpg]
[www.sordum.org/wp-content/uploads/2013/09/resolve_domain.png]
[www.sordum.org/wp-content/uploads/2013/09/save_changes.png]
[www.sordum.org/wp-content/uploads/2013/09/add_or_edit_entry.png]
[www.sordum.org/wp-content/uploads/2013/09/block_domain_name_context_menu.png]
[www.sordum.org/wp-content/uploads/2013/09/BlueLife_hosts_editor6.png]
[www.sordum.org/wp-content/uploads/2015/10/dns_angel-60x57.jpg]
[www.sordum.org/8266/bluelifehosts-editor-v1-2/index.html]
[www.sordum.org/downloads/indexd7c9.html]
[www.sordum.org/8266/bluelifehosts-editor-v1-2/comment-page-2/index.html]
[www.sordum.org/wp-json/oembed/1.0/embed45d8.json]
[www.sordum.org/8366/reicon-v1-9-restore-desktop-icon-layouts/feed/index.html]
[www.sordum.org/8266/bluelifehosts-editor-v1-2/comment-page-1/index.html]
[www.sordum.org/indexfd82.html]
[www.sordum.org/wp-json/oembed/1.0/embedf20e]
[www.sordum.org/wp-content/uploads/2013/12/Reicon.jpg]
[www.sordum.org/wp-content/uploads/2018/01/save_icon_position.png]
[www.sordum.org/wp-content/uploads/2018/01/restore_icon_position.png]
[www.sordum.org/wp-content/uploads/2018/01/right_click_restore.png]
[www.sordum.org/wp-content/uploads/2018/01/delete_icon_position.png]
[www.sordum.org/wp-content/uploads/2018/01/add_context_menu.png]
[www.sordum.org/wp-content/uploads/2018/01/context_menu.png]
[www.sordum.org/wp-content/uploads/2015/05/untick_autoarrange.png]
[www.sordum.org/wp-content/uploads/2018/01/add_shortcut_startup_folder.png]
[www.sordum.org/wp-content/uploads/2018/01/reicon_sort_order.png]
[www.sordum.org/wp-content/uploads/2018/01/Reicon_cmd_support.png]
[www.sordum.org/wp-content/uploads/2013/12/i_love_free_soft.png]
[www.sordum.org/files/images/programosy.jpg]
[www.sordum.org/wp-content/uploads/2015/10/ratool_main1-60x57.jpg]
[www.sordum.org/8366/reicon-v1-9-restore-desktop-icon-layouts/index.html]
[www.sordum.org/downloads/index84ba.html]
[www.sordum.org/8366/reicon-v1-9-restore-desktop-icon-layouts/comment-page-7/index.html]
[www.sordum.org/wp-json/oembed/1.0/embed3a7f.json]
[www.sordum.org/8127/dns-angel-v1-6/feed/index.html]
[www.sordum.org/8366/reicon-v1-9-restore-desktop-icon-layouts/comment-page-1/index.html]
[www.sordum.org/8366/reicon-v1-9-restore-desktop-icon-layouts/comment-page-6/index.html]
[www.sordum.org/index11f1.html]
[www.sordum.org/wp-json/oembed/1.0/embed6eff]
[www.sordum.org/wp-content/uploads/2018/11/dns_angel.jpg]
[www.sordum.org/wp-content/uploads/2018/11/Dns_angel_interface.png]
[www.sordum.org/wp-content/uploads/2018/11/Dns_angel_status.png]
[www.sordum.org/wp-content/uploads/2017/05/dnsangel_ini.png]
[www.sordum.org/files/images/Instalkipl-award.jpg]
[www.sordum.org/8127/dns-angel-v1-6/index.html]
[www.sordum.org/downloads/index3886.html]
[www.sordum.org/8127/dns-angel-v1-6/comment-page-7/index.html]
[www.sordum.org/8127/dns-angel-v1-6/comment-page-1/index.html]
[www.sordum.org/8127/dns-angel-v1-6/comment-page-6/index.html]
[www.sordum.org/8104/ratool-v1-3-removable-access-tool/feed/index.html]
[www.sordum.org/wp-json/oembed/1.0/embed238d.json]
[www.sordum.org/index1186.html]
[www.sordum.org/wp-json/oembed/1.0/embed0980]
[www.sordum.org/wp-content/uploads/2014/08/ratool_main.png]
[www.sordum.org/wp-content/uploads/2014/08/ratool_block.png]
[www.sordum.org/wp-content/uploads/2014/08/ratool_read_only.png]
[www.sordum.org/wp-content/uploads/2014/08/ratool_main_gui.png]
[www.sordum.org/wp-content/uploads/2014/08/ratool_options.png]
[www.sordum.org/wp-content/uploads/2014/08/ratool_password.png]
[www.sordum.org/wp-content/uploads/2014/08/ratool_languages.png]
[www.sordum.org/wp-content/uploads/2014/08/Ratool_translate.png]
[www.sordum.org/8104/ratool-v1-3-removable-access-tool/index.html]
[www.sordum.org/downloads/indexa1e4.html]
[www.sordum.org/8104/ratool-v1-3-removable-access-tool/comment-page-11/index.html]
[www.sordum.org/8104/ratool-v1-3-removable-access-tool/comment-page-1/index.html]
[www.sordum.org/8104/ratool-v1-3-removable-access-tool/comment-page-10/index.html]
[www.sordum.org/8117/ntfs-drive-protection-v1-5/feed/index.html]
[www.sordum.org/wp-json/oembed/1.0/embed490b.json]
[www.sordum.org/index2822.html]
[www.sordum.org/wp-json/oembed/1.0/embed106a]
[www.sordum.org/wp-content/uploads/2013/06/ntfs_drive_protection2.jpg]
[www.sordum.org/wp-content/uploads/2014/09/drive_protection_folder_list.png]
[www.sordum.org/wp-content/uploads/2014/09/drive_protection_progress.png]
[www.sordum.org/wp-content/uploads/2014/09/sucess_message.png]
[www.sordum.org/wp-content/uploads/2014/09/drive_protection_protected.png]
[www.sordum.org/wp-content/uploads/2014/09/drive_protection_no_protection.png]
[www.sordum.org/wp-content/uploads/2017/03/Ntfs_Drive_protection_drag_and_drop.png]
[www.sordum.org/8117/ntfs-drive-protection-v1-5/index.html]
[www.sordum.org/downloads/index8e05.html]
[www.sordum.org/8117/ntfs-drive-protection-v1-5/comment-page-3/index.html]
[www.sordum.org/8117/ntfs-drive-protection-v1-5/comment-page-2/index.html]
[www.sordum.org/7763/qemu-simple-boot-v1-3/feed/index.html]
[www.sordum.org/wp-json/oembed/1.0/embed23ed.json]
[www.sordum.org/indexe7e9.html]
[www.sordum.org/8117/ntfs-drive-protection-v1-5/comment-page-1/index.html]
[www.sordum.org/wp-json/oembed/1.0/embedf27a]
[www.sordum.org/wp-content/uploads/2012/10/qsb0.png]
[www.sordum.org/wp-content/uploads/2012/10/En_Qemu_v1.2.png]
[www.sordum.org/7763/qemu-simple-boot-v1-3/index.html]
[www.sordum.org/downloads/index2e8d.html]
[www.sordum.org/7763/qemu-simple-boot-v1-3/comment-page-3/index.html]
[www.sordum.org/7763/qemu-simple-boot-v1-3/comment-page-1/index.html]
[www.sordum.org/7763/qemu-simple-boot-v1-3/comment-page-2/index.html]
[www.sordum.org/wp-content/uploads/2015/10/webcam_on_off_software.jpg]
[www.sordum.org/8585/webcam-on-off-v1-3/feed/index.html]
[www.sordum.org/wp-json/oembed/1.0/embed2dfd.json]
[www.sordum.org/indexcb0f.html]
[www.sordum.org/wp-json/oembed/1.0/embed488f]
[www.sordum.org/wp-content/uploads/2014/11/webcam_on_off_software.jpg]
[www.sordum.org/wp-content/uploads/2017/11/webcam_on_off_enabled.png]
[www.sordum.org/wp-content/uploads/2017/11/no_device.png]
[www.sordum.org/wp-content/uploads/2017/11/webcam_on_off_options.png]
[www.sordum.org/wp-content/uploads/2017/11/webcam_on_off_disabled.png]
[www.sordum.org/wp-content/uploads/2017/11/webcam_on_off_preview.jpg]
[www.sordum.org/wp-content/uploads/2017/11/webcam_on_off_cmd_support.png]
[www.sordum.org/wp-content/uploads/2015/10/easy_service_optimizer-60x57.png]
[www.sordum.org/8585/webcam-on-off-v1-3/index.html]
[www.sordum.org/downloads/index4862.html]
[www.sordum.org/8585/webcam-on-off-v1-3/comment-page-2/index.html]
[www.sordum.org/wp-json/oembed/1.0/embed2832.json]
[www.sordum.org/9312/edge-blocker-v1-4/feed/index.html]
[www.sordum.org/8585/webcam-on-off-v1-3/comment-page-1/index.html]
[www.sordum.org/index2658.html]
[www.sordum.org/wp-json/oembed/1.0/embed7856]
[www.sordum.org/wp-content/uploads/2016/01/EdgeBlocker_icon.png]
[www.sordum.org/wp-content/uploads/2016/01/edge_blocker_i.e_shortcut.png]
[www.sordum.org/wp-content/uploads/2016/01/edge_blocker_blocked.png]
[www.sordum.org/9312/edge-blocker-v1-4/index.html]
[www.sordum.org/6423/tunnel-adapter-–-microsoft-6to4-adapter-remover/index.html]
[www.sordum.org/downloads/index979a.html]
[www.sordum.org/9312/edge-blocker-v1-4/comment-page-1/index.html]
[www.sordum.org/8478/reg-converter-v1-2/feed/index.html]
[www.sordum.org/9312/edge-blocker-v1-4/comment-page-2/index.html]
[www.sordum.org/wp-json/oembed/1.0/embed3737.json]
[www.sordum.org/index4a8f.html]
[www.sordum.org/wp-json/oembed/1.0/embedebc9]
[www.sordum.org/wp-content/uploads/2014/04/regconverter.jpg]
[www.sordum.org/wp-content/uploads/2017/08/reg_converter_select_reg_file.png]
[www.sordum.org/wp-content/uploads/2017/08/reg_converter_choose_output.png]
[www.sordum.org/wp-content/uploads/2017/08/reg_converter_convert_button.png]
[www.sordum.org/wp-content/uploads/2017/08/copy_convert.png]
[www.sordum.org/wp-content/uploads/2017/08/add_convert_context_manu.png]
[www.sordum.org/wp-content/uploads/2017/08/convert_context.png]
[www.sordum.org/wp-content/uploads/2017/08/regConverter_cmd_parameters.png]
[www.sordum.org/wp-content/uploads/2018/06/sendto_menu_editor-60x57.jpg]
[www.sordum.org/downloads/index6bed.html]
[www.sordum.org/wp-content/uploads/2013/11/rebuild_icon_cache-01.png]
[www.sordum.org/8478/reg-converter-v1-2/index.html]
[www.sordum.org/8478/reg-converter-v1-2/comment-page-2/index.html]
[www.sordum.org/8727/runastool-v1-4/feed/index.html]
[www.sordum.org/8478/reg-converter-v1-2/comment-page-1/index.html]
[www.sordum.org/indexaa77.html]
[www.sordum.org/wp-json/oembed/1.0/embed4846.json]
[www.sordum.org/wp-json/oembed/1.0/embed6261]
[www.sordum.org/wp-content/uploads/2015/10/Runastool.jpg]
[www.sordum.org/wp-content/uploads/2018/10/runastool_password.png]
[www.sordum.org/wp-content/uploads/2018/10/runastool_admin_interface.png]
[www.sordum.org/wp-content/uploads/2018/10/right_click_create_a_shortcut.png]
[www.sordum.org/wp-content/uploads/2018/10/Runastool_export_import.png]
[www.sordum.org/wp-content/uploads/2018/10/Restricted_user_interface.png]
[www.sordum.org/wp-content/uploads/2018/02/runastool_import.png]
[www.sordum.org/8727/runastool-v1-4/index.html]
[www.sordum.org/8727/runastool-v1-4/comment-page-5/index.html]
[www.sordum.org/downloads/index46e6.html]
[www.sordum.org/8727/runastool-v1-4/comment-page-1/index.html]
[www.sordum.org/8727/runastool-v1-4/comment-page-4/index.html]
[www.sordum.org/wp-json/oembed/1.0/embedb1ec.json]
[www.sordum.org/index00fb.html]
[www.sordum.org/wp-json/oembed/1.0/embeddc3a]
[www.sordum.org/7921/bluelife-keyfreeze-v1-4-block-keyboard-and-mouse/feed/index.html]
[www.sordum.org/wp-content/uploads/2015/02/keyfreeze.png]
[www.sordum.org/wp-content/uploads/2015/02/keyfreeze_countdown.png]
[www.sordum.org/wp-content/uploads/2015/02/keyfreeze_unlocked.png]
[www.sordum.org/wp-content/uploads/2015/02/keyfreeze_menu.png]
[www.sordum.org/wp-content/uploads/2015/02/keyfreeze_options.png]
[www.sordum.org/7921/bluelife-keyfreeze-v1-4-block-keyboard-and-mouse/index.html]
[www.sordum.org/downloads/indexcd56.html]
[www.sordum.org/7921/bluelife-keyfreeze-v1-4-block-keyboard-and-mouse/comment-page-4/index.html]
[www.sordum.org/7921/bluelife-keyfreeze-v1-4-block-keyboard-and-mouse/comment-page-3/index.html]
[www.sordum.org/7921/bluelife-keyfreeze-v1-4-block-keyboard-and-mouse/comment-page-1/index.html]
[www.sordum.org/8486/simple-run-blocker-v1-5/feed/index.html]
[www.sordum.org/index5d05.html]
[www.sordum.org/wp-json/oembed/1.0/embedc890.json]
[www.sordum.org/wp-json/oembed/1.0/embedb26a]
[www.sordum.org/wp-content/uploads/2014/04/simple_run_blocker.jpg]
[www.sordum.org/wp-content/uploads/2017/11/drag_and_drop.png]
[www.sordum.org/wp-content/uploads/2017/11/simple_run_blocker_applybutton.png]
[www.sordum.org/wp-content/uploads/2017/11/simple_run_blocker_select_all.png]
[www.sordum.org/wp-content/uploads/2017/11/simple_run_blocker_choose.png]
[www.sordum.org/wp-content/uploads/2017/11/hide_or_lock_a_drive.png]
[www.sordum.org/wp-content/uploads/2017/11/hide_or_lock_a_drive_selection.png]
[www.sordum.org/8486/simple-run-blocker-v1-5/index.html]
[www.sordum.org/8486/simple-run-blocker-v1-5/comment-page-2/index.html]
[www.sordum.org/downloads/index45e3.html]
[www.sordum.org/9197/reduce-memory-v1-2/feed/index.html]
[www.sordum.org/index75d8.html]
[www.sordum.org/8486/simple-run-blocker-v1-5/comment-page-1/index.html]
[www.sordum.org/wp-json/oembed/1.0/embedc034.json]
[www.sordum.org/wp-json/oembed/1.0/embed6eab]
[www.sordum.org/files/small-tools/images/reduce_memory_01.png]
[www.sordum.org/files/small-tools/images/reduce_memory_02.png]
[www.sordum.org/wp-content/uploads/2018/03/Reduce_mamory_main.png]
[www.sordum.org/wp-content/uploads/2018/03/Reduce_memory_menu.png]
[www.sordum.org/wp-content/uploads/2018/03/reduce_memory_cmd_support.png]
[www.sordum.org/9197/reduce-memory-v1-2/index.html]
[www.sordum.org/downloads/index946f.html]
[www.sordum.org/9197/reduce-memory-v1-2/comment-page-1/index.html]
[www.sordum.org/index226a.html]
[www.sordum.org/8501/drive-letter-changer-v1-3/feed/index.html]
[www.sordum.org/wp-json/oembed/1.0/embed3265.json]
[www.sordum.org/wp-json/oembed/1.0/embede9c8]
[www.sordum.org/wp-content/uploads/2014/07/drive_letter_changer.png]
[www.sordum.org/wp-content/uploads/2018/03/dchanger_main.png]
[www.sordum.org/wp-content/uploads/2018/03/dchanger_task.png]
[www.sordum.org/wp-content/uploads/2018/03/dchanger_mount_ntfs_folder.png]
[www.sordum.org/wp-content/uploads/2018/03/dchanger_mountvol.png]
[www.sordum.org/wp-content/uploads/2018/03/dchanger_cmd_support.png]
[www.sordum.org/8501/drive-letter-changer-v1-3/index.html]
[www.sordum.org/downloads/index2ebd.html]
[www.sordum.org/10411/router-default-password-v1-0/feed/index.html]
[www.sordum.org/wp-json/oembed/1.0/embed8ae1.json]
[www.sordum.org/index0955.html]
[www.sordum.org/wp-json/oembed/1.0/embed2ba5]
[www.sordum.org/wp-content/uploads/2018/02/Router_default_pass_main.png]
[www.sordum.org/wp-content/uploads/2018/02/Router_default_pass_list.png]
[www.sordum.org/wp-content/uploads/2018/02/rdp_change_the_list.png]
[www.sordum.org/wp-content/uploads/2018/02/copy_username_and_pass.png]
[www.sordum.org/10411/router-default-password-v1-0/index.html]
[www.sordum.org/downloads/index031e.html]
[www.sordum.org/9416/powerrun-v1-3-run-with-highest-privileges/feed/index.html]
[www.sordum.org/wp-json/oembed/1.0/embedf034.json]
[www.sordum.org/index05e7.html]
[www.sordum.org/wp-json/oembed/1.0/embed6f0a]
[www.sordum.org/wp-content/uploads/2016/09/powerrun_main.png]
[www.sordum.org/wp-content/uploads/2016/09/run_as_system.png]
[www.sordum.org/wp-content/uploads/2016/09/registry_writing_error.png]
[www.sordum.org/wp-content/uploads/2016/09/launch_registry_editor.png]
[www.sordum.org/wp-content/uploads/2016/09/powerrun_edit_item.png]
[www.sordum.org/wp-content/uploads/2016/09/create_vbs_or_bat.png]
[www.sordum.org/wp-content/uploads/2018/02/powerrun_trustedinstaller.png]
[www.sordum.org/wp-content/uploads/2016/09/powerrun_cmd_parameters.png]
[www.sordum.org/9416/powerrun-v1-3-run-with-highest-privileges/index.html]
[www.sordum.org/downloads/index471b.html]
[www.sordum.org/9416/powerrun-v1-3-run-with-highest-privileges/comment-page-3/index.html]
[www.sordum.org/9416/powerrun-v1-3-run-with-highest-privileges/comment-page-1/index.html]
[www.sordum.org/9416/powerrun-v1-3-run-with-highest-privileges/comment-page-2/index.html]
[www.sordum.org/8705/simple-vhd-manager-v1-3/feed/index.html]
[www.sordum.org/wp-json/oembed/1.0/embed64c0.json]
[www.sordum.org/indexe05b.html]
[www.sordum.org/wp-json/oembed/1.0/embed2f9d]
[www.sordum.org/wp-content/uploads/2015/09/simple_vhd_manager.jpg]
[www.sordum.org/wp-content/uploads/2015/09/add_a_vhd.png]
[www.sordum.org/wp-content/uploads/2015/09/attach_a_vhd.png]
[www.sordum.org/wp-content/uploads/2015/09/attach_vhd_system_startup.png]
[www.sordum.org/wp-content/uploads/2016/01/simple_vhd_manager_create_vhd.png]
[www.sordum.org/wp-content/uploads/2016/01/simple_vhd_manager_add_context_menu-1.png]
[www.sordum.org/wp-content/uploads/2015/09/add_to_boot_menu.png]
[www.sordum.org/wp-content/uploads/2015/09/change_vhd_letter.png]
[www.sordum.org/wp-content/uploads/2015/09/simple_vhd_manager_cmd_support.png]
[www.sordum.org/wp-content/uploads/2015/09/remove_all_boot_entries.png]
[www.sordum.org/8705/simple-vhd-manager-v1-3/index.html]
[www.sordum.org/downloads/indexa12c.html]
[www.sordum.org/8705/simple-vhd-manager-v1-3/comment-page-1/index.html]
[www.sordum.org/8705/simple-vhd-manager-v1-3/comment-page-2/index.html]
[www.sordum.org/wp-json/oembed/1.0/embed5df2.json]
[www.sordum.org/10830/sendto-menu-editor-v1-1/feed/index.html]
[www.sordum.org/indexda7e.html]
[www.sordum.org/wp-json/oembed/1.0/embed3863]
[www.sordum.org/wp-content/uploads/2018/06/sendto_menu_editor.png]
[www.sordum.org/wp-content/uploads/2018/06/add_shortcut_options.png]
[www.sordum.org/wp-content/uploads/2018/06/delete_from_menu.png]
[www.sordum.org/wp-content/uploads/2018/06/remove_sendto_menu.png]
[www.sordum.org/10830/sendto-menu-editor-v1-1/index.html]
[www.sordum.org/9307/show-disk-partition-stye-v1-0/index.html]
[www.sordum.org/9190/temp-cleaner-v1-2/feed/index.html]
[www.sordum.org/downloads/index0f49.html]
[www.sordum.org/indexafbd.html]
[www.sordum.org/wp-json/oembed/1.0/embed0e8b.json]
[www.sordum.org/wp-json/oembed/1.0/embedba8f]
[www.sordum.org/files/small-tools/images/temp_cleaner_01.png]
[www.sordum.org/files/small-tools/images/temp_cleaner_02.png]
[www.sordum.org/wp-content/uploads/2015/12/find_prime_number_01-60x57.jpg]
[www.sordum.org/downloads/indexe83b.html]
[www.sordum.org/wp-content/uploads/2018/10/start_menu_layout-60x57.png]
[www.sordum.org/wp-content/uploads/2013/11/rebuild_icon_cache-01-60x57.png]
[www.sordum.org/9190/temp-cleaner-v1-2/index.html]
[www.sordum.org/9660/net-disabler-v1-0/feed/index.html]
[www.sordum.org/indexdca8.html]
[www.sordum.org/wp-json/oembed/1.0/embed0b24.json]
[www.sordum.org/wp-json/oembed/1.0/embedc4a2]
[www.sordum.org/wp-content/uploads/2017/02/NetDisabler_main.png]
[www.sordum.org/wp-content/uploads/2017/02/netdisabler_off_error.png]
[www.sordum.org/wp-content/uploads/2017/02/netdisabler_menu.png]
[www.sordum.org/wp-content/uploads/2017/02/password.png]
[www.sordum.org/wp-content/uploads/2017/02/net_disabler_cmd.png]
[www.sordum.org/wp-content/uploads/2013/11/update_time_01-60x57.png]
[www.sordum.org/9660/net-disabler-v1-0/index.html]
[www.sordum.org/downloads/index1749.html]
[www.sordum.org/9660/net-disabler-v1-0/comment-page-1/index.html]
[www.sordum.org/9194/rebuild-shell-icon-cache-v1-1/feed/index.html]
[www.sordum.org/wp-json/oembed/1.0/embedaf13.json]
[www.sordum.org/index9b54.html]
[www.sordum.org/wp-json/oembed/1.0/embed6389]
[www.sordum.org/files/small-tools/images/rebuild_icon_cache-01.png]
[www.sordum.org/files/small-tools/images/rebuild_icon_cache_02.png]
[www.sordum.org/wp-content/uploads/2014/03/restart_explorer_01-60x57.png]
[www.sordum.org/9194/rebuild-shell-icon-cache-v1-1/index.html]
[www.sordum.org/downloads/index3204.html]
[www.sordum.org/9203/update-time-v1-2/feed/index.html]
[www.sordum.org/indexc2d4.html]
[www.sordum.org/wp-json/oembed/1.0/embed4142.json]
[www.sordum.org/wp-json/oembed/1.0/embed0c82]
[www.sordum.org/files/small-tools/images/update_time_01.png]
[www.sordum.org/files/small-tools/images/update_time_02.png]
[www.sordum.org/wp-content/uploads/2017/05/reset_win10_data_usage-60x57.png]
[www.sordum.org/downloads/indexf1fb.html]
[www.sordum.org/wp-content/uploads/2013/11/shutdown_windows_01-60x57.png]
[www.sordum.org/9203/update-time-v1-2/index.html]
[www.sordum.org/9192/restart-explorer-v1-4/feed/index.html]
[www.sordum.org/indexb700.html]
[www.sordum.org/wp-json/oembed/1.0/embed9b91.json]
[www.sordum.org/wp-json/oembed/1.0/embede0f4]
[www.sordum.org/files/small-tools/images/restart_explorer_01.png]
[www.sordum.org/files/small-tools/images/restart_explorer_02.png]
[www.sordum.org/wp-content/uploads/2018/10/hide_from_uninstall_list-60x57.jpg]
[www.sordum.org/9192/restart-explorer-v1-4/index.html]
[www.sordum.org/8058/bpuzzle-v1-1/feed/index.html]
[www.sordum.org/downloads/index8bef.html]
[www.sordum.org/index61c9.html]
[www.sordum.org/wp-json/oembed/1.0/embedbfec.json]
[www.sordum.org/wp-json/oembed/1.0/embed2ff3]
[www.sordum.org/wp-content/uploads/2013/04/bpuzzle.png]
[www.sordum.org/wp-content/uploads/2013/04/bpuzzle3.png]
[www.sordum.org/wp-content/uploads/2013/04/bpuzzle.jpg]
[www.sordum.org/wp-content/uploads/2013/04/bpuzzle2.jpg]
[www.sordum.org/wp-content/uploads/2013/04/bpuzzle5.png]
[www.sordum.org/files/images/freeware_de.png]
[www.sordum.org/wp-content/uploads/2013/04/fixprint_spooler_01-60x57.png]
[www.sordum.org/wp-content/uploads/2016/12/hibernation_on_off-60x57.jpg]
[www.sordum.org/8058/bpuzzle-v1-1/index.html]
[www.sordum.org/downloads/indexf0ca.html]
[www.sordum.org/index543d.html]
[www.sordum.org/8058/bpuzzle-v1-1/comment-page-1/index.html]
[www.sordum.org/9182/windows-topmost-control/feed/index.html]
[www.sordum.org/wp-json/oembed/1.0/embed8da8.json]
[www.sordum.org/wp-json/oembed/1.0/embed6a6b]
[www.sordum.org/files/small-tools/images/topmost_control_01.png]
[www.sordum.org/files/small-tools/images/topmost_control_02.png]
[www.sordum.org/wp-content/uploads/2013/11/temp_cleaner_01-60x57.png]
[www.sordum.org/9182/windows-topmost-control/index.html]
[www.sordum.org/downloads/indexc624.html]
[www.sordum.org/index8ee9.html]
[www.sordum.org/9199/fix-print-spooler-v1-1/feed/index.html]
[www.sordum.org/wp-json/oembed/1.0/embed636a.json]
[www.sordum.org/wp-json/oembed/1.0/embed4a01]
[www.sordum.org/files/small-tools/images/fixprint_spooler_01.png]
[www.sordum.org/files/small-tools/images/fixprint_spooler_02.png]
[www.sordum.org/wp-content/uploads/2016/02/show_desktop_icon-60x57.png]
[www.sordum.org/9199/fix-print-spooler-v1-1/index.html]
[www.sordum.org/downloads/index8115.html]
[www.sordum.org/9817/reset-data-usage-v1-2/feed/index.html]
[www.sordum.org/wp-json/oembed/1.0/embed35da.json]
[www.sordum.org/index63eb.html]
[www.sordum.org/wp-json/oembed/1.0/embed5025]
[www.sordum.org/wp-content/uploads/2017/05/reset_data_usage_main.png]
[www.sordum.org/wp-content/uploads/2017/05/before_after_data_reset.png]
[www.sordum.org/wp-content/uploads/2017/05/reset_data_usage_menu.png]
[www.sordum.org/wp-content/uploads/2017/05/reset_data_usage_backup_manager.png]
[www.sordum.org/wp-content/uploads/2017/05/Reset_data_usage_cmd_parameters.png]
[www.sordum.org/9817/reset-data-usage-v1-2/index.html]
[www.sordum.org/indexbee9.html]
[www.sordum.org/10636/defender-injector-v1-1/feed/index.html]
[www.sordum.org/wp-json/oembed/1.0/embed56de.json]
[www.sordum.org/wp-json/oembed/1.0/embed1157]
[www.sordum.org/wp-content/uploads/2018/04/defender_injector_main.png]
[www.sordum.org/wp-content/uploads/2018/04/defender_injector_delete_selected.png]
[www.sordum.org/wp-content/uploads/2018/04/defender_injector_add_contextmenu.png]
[www.sordum.org/wp-content/uploads/2018/04/defender_injector_rightclick_menu.jpg]
[www.sordum.org/wp-content/uploads/2018/04/Defender_injector_cmd_support.png]
[www.sordum.org/wp-content/uploads/2015/06/topmost_control-60x57.png]
[www.sordum.org/wp-content/uploads/2018/06/bluetooth_version_finder-60x57.png]
[www.sordum.org/10636/defender-injector-v1-1/index.html]
[www.sordum.org/downloads/index3f91.html]
[www.sordum.org/9201/copy-ip-v1-2/feed/index.html]
[www.sordum.org/10636/defender-injector-v1-1/comment-page-1/index.html]
[www.sordum.org/wp-json/oembed/1.0/embedc187.json]
[www.sordum.org/index011e.html]
[www.sordum.org/wp-json/oembed/1.0/embed9620]
[www.sordum.org/files/small-tools/images/copy_ip_01.png]
[www.sordum.org/files/small-tools/images/copy_ip_02.png]
[www.sordum.org/wp-content/uploads/2017/08/desktop_ini_editor-60x57.jpg]
[www.sordum.org/9201/copy-ip-v1-2/index.html]
[www.sordum.org/9205/shut-down-windows-v1-1/feed/index.html]
[www.sordum.org/downloads/indexa63c.html]
[www.sordum.org/index5f14.html]
[www.sordum.org/wp-json/oembed/1.0/embed38c7.json]
[www.sordum.org/wp-json/oembed/1.0/embed6761]
[www.sordum.org/files/small-tools/images/shutdown_windows_01.png]
[www.sordum.org/files/small-tools/images/shutdown_windows_02.png]
[www.sordum.org/files/small-tools/images/shutdown_windows_cmd.png]
[www.sordum.org/9205/shut-down-windows-v1-1/index.html]
[www.sordum.org/downloads/indexff99.html]
[www.sordum.org/index6040.html]
[www.sordum.org/wp-json/oembed/1.0/embed3b87.json]
[www.sordum.org/10772/bluetooth-version-finder-v1-0/feed/index.html]
[www.sordum.org/wp-json/oembed/1.0/embed2e26]
[www.sordum.org/wp-content/uploads/2018/06/open_devie_manager.png]
[www.sordum.org/wp-content/uploads/2018/06/bluetooth_properties.png]
[www.sordum.org/wp-content/uploads/2018/06/bluetooth_version.png]
[www.sordum.org/wp-content/uploads/2018/06/bluetooth_version_finder_main.png]
[www.sordum.org/wp-content/uploads/2018/06/bluetooth_version_finder_no_bluetooth.png]
[www.sordum.org/10772/bluetooth-version-finder-v1-0/index.html]
[www.sordum.org/downloads/index8832.html]
[www.sordum.org/indexb4e5.html]
[www.sordum.org/wp-json/oembed/1.0/embed3451.json]
[www.sordum.org/9502/hibernate-enable-or-disable-v1-2/feed/index.html]
[www.sordum.org/wp-json/oembed/1.0/embede06d]
[www.sordum.org/wp-content/uploads/2016/12/hibernate_enabled.png]
[www.sordum.org/wp-content/uploads/2016/12/hibernate_disabled.png]
[www.sordum.org/wp-content/uploads/2016/12/hibernate_enable_or_disable_problem.png]
[www.sordum.org/wp-content/uploads/2016/12/hibernate_size.png]
[www.sordum.org/9502/hibernate-enable-or-disable-v1-2/index.html]
[www.sordum.org/downloads/indexcbf4.html]
[www.sordum.org/11128/win10-settings-blocker-v1-1/feed/index.html]
[www.sordum.org/indexdaab.html]
[www.sordum.org/wp-json/oembed/1.0/embed7661.json]
[www.sordum.org/wp-json/oembed/1.0/embed6be1]
[www.sordum.org/wp-content/uploads/2018/10/win10_settings_blocker_main.png]
[www.sordum.org/wp-content/uploads/2018/10/add_win10_settings_blocker_list.png]
[www.sordum.org/wp-content/uploads/2018/10/win10_settings_blocker_list.png]
[www.sordum.org/wp-content/uploads/2018/10/win10_settignsblocker_rightclick.png]
[www.sordum.org/wp-content/uploads/2018/10/control_panel_options.png]
[www.sordum.org/wp-content/uploads/2018/10/win10_settigs_blocker_dropdown.png]
[www.sordum.org/11128/win10-settings-blocker-v1-1/index.html]
[www.sordum.org/downloads/indexe993.html]
[www.sordum.org/9209/vhd-for-context-menu-v1-0/feed/index.html]
[www.sordum.org/wp-json/oembed/1.0/embed76f9.json]
[www.sordum.org/index6120.html]
[www.sordum.org/wp-json/oembed/1.0/embed290c]
[www.sordum.org/files/small-tools/images/vhd-for-context-menu_01.png]
[www.sordum.org/files/small-tools/images/vhd-for-context-menu_02.png]
[www.sordum.org/files/small-tools/images/vhd-for-context-menu_03.png]
[www.sordum.org/files/small-tools/images/vhd-for-context-menu_04.png]
[www.sordum.org/files/small-tools/images/vhd-for-context-menu_05.png]
[www.sordum.org/9209/vhd-for-context-menu-v1-0/index.html]
[www.sordum.org/downloads/indexa64a.html]
[www.sordum.org/wp-json/oembed/1.0/embed4bdf.json]
[www.sordum.org/9341/show-desktop-icons-v1-0/feed/index.html]
[www.sordum.org/wp-json/oembed/1.0/embed7c60]
[www.sordum.org/index938c.html]
[www.sordum.org/wp-content/uploads/2016/02/show_desktop_icon_main.png]
[www.sordum.org/wp-content/uploads/2016/02/add_internet_explorer_on_desktop.png]
[www.sordum.org/9341/show-desktop-icons-v1-0/index.html]
[www.sordum.org/downloads/indexd095.html]
[www.sordum.org/10084/desktop-ini-editor-v1-0/feed/index.html]
[www.sordum.org/index93e6.html]
[www.sordum.org/wp-json/oembed/1.0/embed355d.json]
[www.sordum.org/wp-json/oembed/1.0/embed31c9]
[www.sordum.org/wp-content/uploads/2017/08/desktopini_editor_drag_and_drop.png]
[www.sordum.org/wp-content/uploads/2017/08/desktop.ini_attributes.png]
[www.sordum.org/wp-content/uploads/2017/08/rebuild_shell_icon_cache.png]
[www.sordum.org/wp-content/uploads/2017/08/desktop.ini_parameter_support.png]
[www.sordum.org/downloads/index7680.html]
[www.sordum.org/files/downloads3beb.php]
[www.sordum.org/files/small-tools/DeskEdit.zip]
[www.sordum.org/10084/desktop-ini-editor-v1-0/index.html]
[www.sordum.org/wp-json/oembed/1.0/embed181b.json]
[www.sordum.org/9207/find-prime-numbers-v1-1/feed/index.html]
[www.sordum.org/index644b.html]
[www.sordum.org/wp-json/oembed/1.0/embed1764]
[www.sordum.org/files/small-tools/images/find_prime_number_01.jpg]
[www.sordum.org/files/small-tools/images/find_prime_numbers_02.png]
[www.sordum.org/files/small-tools/images/find_prime_numbers_03.png]
[www.sordum.org/9207/find-prime-numbers-v1-1/index.html]
[www.sordum.org/10104/sordum-monitor-off-v1-0/feed/index.html]
[www.sordum.org/downloads/indexf4a4.html]
[www.sordum.org/indexc853.html]
[www.sordum.org/wp-json/oembed/1.0/embedc0d8.json]
[www.sordum.org/wp-json/oembed/1.0/embed413a]
[www.sordum.org/wp-content/uploads/2017/08/click_sordum_monitor_off.jpg]
[www.sordum.org/wp-content/uploads/2017/08/sordum_monitor_off_keyboard_shortcut.png]
[www.sordum.org/wp-content/uploads/2017/08/sordum_monitor_off_lock.png]
[www.sordum.org/wp-content/uploads/2017/08/sordum_monitor_off_cmd.png]
[www.sordum.org/10104/sordum-monitor-off-v1-0/index.html]
[www.sordum.org/10946/sordum-random-password-generator/feed/index.html]
[www.sordum.org/downloads/index3f91-2.html]
[www.sordum.org/indexa6be.html]
[www.sordum.org/wp-json/oembed/1.0/embeda7e7.json]
[www.sordum.org/wp-json/oembed/1.0/embed8bf6]
[www.sordum.org/wp-content/uploads/2018/08/sordum_random_pass_generator.png]
[www.sordum.org/wp-content/uploads/2018/08/sordum_random_pass_generator_menu.png]
[www.sordum.org/wp-content/uploads/2018/08/Random_pass_gen_cmd.png]
[www.sordum.org/wp-content/uploads/2018/04/defender_injector-60x57.png]
[www.sordum.org/10946/sordum-random-password-generator/index.html]
[www.sordum.org/downloads/index2e6a.html]
[www.sordum.org/11081/hide-from-uninstall-list-v1-0/feed/index.html]
[www.sordum.org/wp-json/oembed/1.0/embed7f04.json]
[www.sordum.org/indexb68c.html]
[www.sordum.org/wp-json/oembed/1.0/embed50e9]
[www.sordum.org/wp-content/uploads/2018/10/hide_from_uninstall_list.png]
[www.sordum.org/wp-content/uploads/2018/10/hide_from_uninstall_list_rightclick.png]
[www.sordum.org/wp-content/uploads/2018/10/hide_programs_and_features.png]
[www.sordum.org/wp-content/uploads/2018/10/program_and_features_no_entry.png]
[www.sordum.org/wp-content/uploads/2018/10/no_apps_and_features.png]
[www.sordum.org/11081/hide-from-uninstall-list-v1-0/index.html]
[www.sordum.org/downloads/indexe094.html]
[www.sordum.org/wp-json/oembed/1.0/embed8ce5.json]
[www.sordum.org/11263/streams-remover-v1-0/feed/index.html]
[www.sordum.org/wp-json/oembed/1.0/embed7df3]
[www.sordum.org/indexb8d4.html]
[www.sordum.org/wp-content/uploads/2018/12/unblock_file.png]
[www.sordum.org/wp-content/uploads/2018/12/streams_remover.png]
[www.sordum.org/wp-content/uploads/2018/12/remove_streams_infolder.png]
[www.sordum.org/wp-content/uploads/2018/12/remove_streams_context_menu.png]
[www.sordum.org/wp-content/uploads/2018/12/disable_zone_information.png]
[www.sordum.org/wp-content/uploads/2018/12/streams_remover_cmd_support.png]
[www.sordum.org/11263/streams-remover-v1-0/index.html]
[www.sordum.org/wp-content/uploads/2017/09/FolderPainter-60x57.png]
[www.sordum.org/10997/backup-start-menu-layout-v1-2/comment-page-2/index.html]
[www.sordum.org/9470/windows-update-blocker-v1-2/comment-page-12/index.html]
[www.sordum.org/9480/defender-control-v1-5/comment-page-4/index.html]
[www.sordum.org/8117/ntfs-drive-protection-v1-5/comment-page-4/index.html]
[www.sordum.org/downloads/index755d.html]
[www.sordum.org/wp-json/oembed/1.0/embed8097.json]
[www.sordum.org/index2290.html]
[www.sordum.org/wp-json/oembed/1.0/embed8995]
[www.sordum.org/wp-content/uploads/2017/02/privacy_policy.png]
[www.sordum.org/privacy-policy/index.html]
[www.sordum.org/wp-json/oembed/1.0/embeddcf6.json]
[www.sordum.org/index6347.html]
[www.sordum.org/wp-json/oembed/1.0/embedb873]
[www.sordum.org/files/eula/eula_sordum's_freeware.zip]
[www.sordum.org/eula/index.html]
[www.sordum.org/page/4/google6e13bcb7e2a5b394.html]
[www.sordum.org/page/4/index.html]
[www.sordum.org/wp-content/themes/point/fonts/point5622.svg]
[www.sordum.org/indexd4aa.html]
[www.sordum.org/index8cf3.html]
[www.sordum.org/6423/tunnel-adapter-microsoft-6to4-adapter-remover/feed/index.html]
[www.sordum.org/wp-json/oembed/1.0/embed6b72.json]
[www.sordum.org/indexa94e.html]
[www.sordum.org/wp-json/oembed/1.0/embed8c29]
[www.sordum.org/wp-content/uploads/2010/11/tunneladapter1.gif]
[www.sordum.org/wp-content/uploads/2010/11/tunneladapter2.gif]
[www.sordum.org/wp-content/uploads/2015/10/Blue_life_hosts_editor-60x57.jpg]
[www.sordum.org/6423/tunnel-adapter-microsoft-6to4-adapter-remover/index.html]
[www.sordum.org/index46be.html]
[www.sordum.org/index6904.html]
[www.sordum.org/index895f.html]
[www.sordum.org/index8aea.html]
[www.sordum.org/index6f5c.html]
[www.sordum.org/indexb438.html]
[www.sordum.org/files/image906e.png]
[www.sordum.org/files/contact.html]
[www.sordum.org/index9421.html]
[www.sordum.org/index2351.html]
[www.sordum.org/downloads/indexdee1.html]
[www.sordum.org/6423/tunnel-adapter-microsoft-6to4-adapter-remover/comment-page-1/index.html]
[www.sordum.org/index372f.html]
[www.sordum.org/wp-json/oembed/1.0/embed7c57.json]
[www.sordum.org/wp-json/oembed/1.0/embed13b2]
[www.sordum.org/files/downloads05d3.php]
[www.sordum.org/files/download/askadmin/AskAdmin.zip]
[www.sordum.org/downloads/index05d3.html]
[www.sordum.org/7941/askadmin-v1-6/comment-page-2/index.html]
[www.sordum.org/7941/askadmin-v1-6/comment-page-1/index.html]
[www.sordum.org/9432/dns-lock-v1-4/comment-page-1/index.html]
[www.sordum.org/10636/defender-injector-v1-1/comment-page-2/index.html]
[www.sordum.org/author/velociraptor/page/2/index.html]
[www.sordum.org/7941/askadmin-v1-6/comment-page-3/index.html]
[www.sordum.org/author/velociraptor/page/3/index.html]
[www.sordum.org/author/velociraptor/page/4/index.html]
[www.sordum.org/author/velociraptor/page/8/index.html]
[www.sordum.org/author/velociraptor/page/5/index.html]
[www.sordum.org/8486/simple-run-blocker-v1-4/index.html]
[www.sordum.org/index79c5.html]
[www.sordum.org/author/velociraptor/page/7/index.html]
[www.sordum.org/author/velociraptor/page/6/index.html]
[www.sordum.org/files/downloads.2e65233.delayed]
[www.sordum.org/files/download/backup-start-menu-layout/BackupSML.zip]
[www.sordum.org/downloads/index5233.html]
[www.sordum.org/10997/backup-start-menu-layout-v1-2/comment-page-1/index.html]
[www.sordum.org/index36f2.html]
[www.sordum.org/files/downloads9a63.php]
[www.sordum.org/files/download/registry-key-jumper/RegJump.zip]
[www.sordum.org/downloads/index9a63.html]
[www.sordum.org/8110/registry-key-jumper-v1-3/comment-page-2/index.html]
[www.sordum.org/8110/registry-key-jumper-v1-3/comment-page-1/index.html]
[www.sordum.org/indexb058.html]
[www.sordum.org/files/downloads.2f4770b.delayed]
[www.sordum.org/8110/registry-key-jumper-v1-3/comment-page-3/index.html]
[www.sordum.org/files/download/windows-update-blocker/Wub.zip]
[www.sordum.org/downloads/index770b.html]
[www.sordum.org/9470/windows-update-blocker-v1-2/comment-page-11/index.html]
[www.sordum.org/9470/windows-update-blocker-v1-2/comment-page-1/index.html]
[www.sordum.org/9470/windows-update-blocker-v1-2/comment-page-9/index.html]
[www.sordum.org/9470/windows-update-blocker-v1-2/comment-page-10/index.html]
[www.sordum.org/index619f.html]
[www.sordum.org/9470/windows-update-blocker-v1-2/comment-page-2/index.html]
[www.sordum.org/9470/windows-update-blocker-v1-2/comment-page-8/index.html]
[www.sordum.org/files/downloadsce32.php]
[www.sordum.org/9470/windows-update-blocker-v1-2/comment-page-3/index.html]
[www.sordum.org/files/download/defender-control/DefenderControl.zip]
[www.sordum.org/downloads/indexce32.html]
[www.sordum.org/9480/defender-control-v1-5/comment-page-3/index.html]
[www.sordum.org/9480/defender-control-v1-5/comment-page-1/index.html]
[www.sordum.org/9480/defender-control-v1-5/comment-page-2/index.html]
[www.sordum.org/index4f3b.html]
[www.sordum.org/files/downloadsd0ec.php]
[www.sordum.org/files/download/folder-painter/FolderPainter.zip]
[www.sordum.org/downloads/indexd0ec.html]
[www.sordum.org/10124/folder-painter-v1-2/comment-page-2/index.html]
[www.sordum.org/10124/folder-painter-v1-2/comment-page-1/index.html]
[www.sordum.org/index1827.html]
[www.sordum.org/10124/folder-painter-v1-2/comment-page-3/index.html]
[www.sordum.org/files/downloadsa5a7.php]
[www.sordum.org/files/download/dns-lock/DNS-Lock.zip]
[www.sordum.org/downloads/indexa5a7.html]
[www.sordum.org/9307/show-disk-partition-style-v1-0/feed/index.html]
[www.sordum.org/wp-json/oembed/1.0/embedd34d.json]
[www.sordum.org/index34fe.html]
[www.sordum.org/wp-json/oembed/1.0/embedb3f2]
[www.sordum.org/files/small-tools/images/Show_disk_partititon_style.png]
[www.sordum.org/9307/show-disk-partition-style-v1-0/index.html]
[www.sordum.org/downloads/indexa346.html]
[www.sordum.org/page/5/google6e13bcb7e2a5b394.html]
[www.sordum.org/page/5/index.html]
[www.sordum.org/page/7/google6e13bcb7e2a5b394.html]
[www.sordum.org/page/7/index.html]
[www.sordum.org/page/6/google6e13bcb7e2a5b394.html]
[www.sordum.org/page/6/index.html]
[www.sordum.org/wp-content/uploads/2015/06/dns_jumper_main_gui.png]
[www.sordum.org/7952/dns-jumper-v2-1/indexc284.html]
[www.sordum.org/wp-content/uploads/2015/06/dns_jumper_main_gui2.png]
[www.sordum.org/wp-content/uploads/2015/06/dns_jumper_change_dns.png]
[www.sordum.org/wp-content/uploads/2015/06/changing_dns_tray.jpg]
[www.sordum.org/wp-content/uploads/2015/06/custom_dns.png]
[www.sordum.org/wp-content/uploads/2015/06/browse_or_copy.png]
[www.sordum.org/wp-content/uploads/2015/06/dns_jumper_backup_restore_dns.png]
[www.sordum.org/wp-content/uploads/2015/06/select_dns_group.png]
[www.sordum.org/7952/dns-jumper-v2-1/2/index.html]
[www.sordum.org/indexa613.html]
[www.sordum.org/wp-content/uploads/2015/06/fastest_dns.png]
[www.sordum.org/7952/dns-jumper-v2-1/index87e3.html]
[www.sordum.org/wp-content/uploads/2015/06/dns_jumper_add_dns_or_dns_group.png]
[www.sordum.org/wp-content/uploads/2015/06/add_dns_or_dns_group.png]
[www.sordum.org/wp-content/uploads/2015/06/dns_jumper_edit_ini.png]
[www.sordum.org/wp-content/uploads/2015/06/Dns_jumper_edit_ini2.png]
[www.sordum.org/wp-content/uploads/2015/06/ini_file_meaning_of_the_numbers.png]
[www.sordum.org/wp-content/uploads/2015/06/dns_list_order.png]
[www.sordum.org/wp-content/uploads/2017/01/dns_jumper_general_settings.png]
[www.sordum.org/wp-content/uploads/2015/06/dns_jumper_cmd_support.png]
[www.sordum.org/wp-content/uploads/2015/06/Dns_jumper_translate.png]
[www.sordum.org/7952/dns-jumper-v2-1/3/index.html]
[www.sordum.org/7952/dns-jumper-v2-1/4/index.html]
[www.sordum.org/files/downloads4d7d.php]
[www.sordum.org/downloads/index4d7d.html]
[www.sordum.org/7952/dns-jumper-v2-1/comment-page-25/index.html]
[www.sordum.org/7952/dns-jumper-v2-1/comment-page-1/index.html]
[www.sordum.org/7952/dns-jumper-v2-1/indexba63.html]
[www.sordum.org/7952/dns-jumper-v2-1/comment-page-26/index.html]
[www.sordum.org/7952/dns-jumper-v2-1/comment-page-24/index.html]
[www.sordum.org/7952/dns-jumper-v2-1/comment-page-23/index.html]
[www.sordum.org/index4489.html]
[www.sordum.org/7952/dns-jumper-v2-1/comment-page-2/index.html]
[www.sordum.org/7952/dns-jumper-v2-1/comment-page-22/index.html]
[www.sordum.org/7952/dns-jumper-v2-1/comment-page-3/index.html]
[www.sordum.org/files/downloads6680.php]
[www.sordum.org/files/easy-context-menu/ec_menu.zip]
[www.sordum.org/downloads/index6680.html]
[www.sordum.org/7615/easy-context-menu-v1-6/comment-page-11/index.html]
[www.sordum.org/7615/easy-context-menu-v1-6/comment-page-1/index.html]
[www.sordum.org/7615/easy-context-menu-v1-6/comment-page-12/index.html]
[www.sordum.org/7615/easy-context-menu-v1-6/comment-page-9/index.html]
[www.sordum.org/7615/easy-context-menu-v1-6/comment-page-2/index.html]
[www.sordum.org/7615/easy-context-menu-v1-6/comment-page-10/index.html]
[www.sordum.org/indexa5b9.html]
[www.sordum.org/7615/easy-context-menu-v1-6/comment-page-3/index.html]
[www.sordum.org/files/downloadse360.php]
[www.sordum.org/7615/easy-context-menu-v1-6/comment-page-8/index.html]
[www.sordum.org/files/firewall-app-blocker/fab.zip]
[www.sordum.org/downloads/indexe360.html]
[www.sordum.net/indir/ipf3cf.zip_;]
[www.sordum.org/8125/firewall-app-blocker-fab-v1-6/comment-page-9/index.html]
[www.sordum.org/8125/firewall-app-blocker-fab-v1-6/comment-page-1/index.html]
[www.sordum.org/8125/firewall-app-blocker-fab-v1-6/comment-page-7/index.html]
[www.sordum.org/8125/firewall-app-blocker-fab-v1-6/comment-page-8/index.html]
[www.sordum.org/8125/firewall-app-blocker-fab-v1-6/comment-page-2/index.html]
[www.sordum.org/8125/firewall-app-blocker-fab-v1-6/comment-page-3/index.html]
[www.sordum.org/index0734.html]
[www.sordum.org/8125/firewall-app-blocker-fab-v1-6/comment-page-10/index.html]
[www.sordum.org/8125/firewall-app-blocker-fab-v1-6/comment-page-6/index.html]
[www.sordum.org/files/downloads4a7d.php]
[www.sordum.org/files/easy-service-optimizer/eso.zip]
[www.sordum.org/downloads/index4a7d.html]
[www.sordum.org/8637/easy-service-optimizer-v1-2/comment-page-3/index.html]
[www.sordum.org/8637/easy-service-optimizer-v1-2/comment-page-1/index.html]
[www.sordum.org/dns_jumper/eso/eso.zip]
[www.sordum.org/8637/easy-service-optimizer-v1-2/comment-page-2/index.html]
[www.sordum.org/index25a7.html]
[www.sordum.org/8637/easy-service-optimizer-v1-2/comment-page-4/index.html]
[www.sordum.org/files/downloadsd7c9.php]
[www.sordum.org/files/bluelife-host-editor/bl_hst_edit.zip]
[www.sordum.org/downloads/indexd7c9.html]
[www.sordum.org/8266/bluelifehosts-editor-v1-2/comment-page-2/index.html]
[www.sordum.org/8266/bluelifehosts-editor-v1-2/comment-page-1/index.html]
[www.sordum.org/indexfd82.html]
[www.sordum.org/8266/bluelifehosts-editor-v1-2/comment-page-3/index.html]
[www.sordum.org/files/downloads.36b84ba.delayed]
[www.sordum.org/files/restore-desktop-icon-layouts/ReIcon.zip]
[www.sordum.org/downloads/index84ba.html]
[www.sordum.org/8366/reicon-v1-9-restore-desktop-icon-layouts/comment-page-7/index.html]
[www.sordum.org/8366/reicon-v1-9-restore-desktop-icon-layouts/comment-page-1/index.html]
[www.sordum.org/8366/reicon-v1-9-restore-desktop-icon-layouts/comment-page-5/index.html]
[www.sordum.org/8366/reicon-v1-9-restore-desktop-icon-layouts/comment-page-8/index.html]
[www.sordum.org/8366/reicon-v1-9-restore-desktop-icon-layouts/comment-page-2/index.html]
[www.sordum.org/8366/reicon-v1-9-restore-desktop-icon-layouts/comment-page-6/index.html]
[www.sordum.org/index11f1.html]
[www.sordum.org/8366/reicon-v1-9-restore-desktop-icon-layouts/comment-page-3/index.html]
[www.sordum.org/files/downloads3886.php]
[www.sordum.org/8366/reicon-v1-9-restore-desktop-icon-layouts/comment-page-4/index.html]
[www.sordum.org/files/dns-angel/DnsAngel.zip]
[www.sordum.org/downloads/index3886.html]
[www.sordum.org/8127/dns-angel-v1-6/comment-page-7/index.html]
[www.sordum.org/8127/dns-angel-v1-6/comment-page-1/index.html]
[www.sordum.org/8127/dns-angel-v1-6/comment-page-8/index.html]
[www.sordum.org/8127/dns-angel-v1-6/comment-page-5/index.html]
[www.sordum.org/8127/dns-angel-v1-6/comment-page-2/index.html]
[www.sordum.org/8127/dns-angel-v1-6/comment-page-6/index.html]
[www.sordum.org/index1186.html]
[www.sordum.org/8127/dns-angel-v1-6/comment-page-3/index.html]
[www.sordum.org/files/downloadsa1e4.php]
[www.sordum.org/8127/dns-angel-v1-6/comment-page-4/index.html]
[www.sordum.org/files/ratool/Ratool.zip]
[www.sordum.org/downloads/indexa1e4.html]
[www.sordum.org/8104/ratool-v1-3-removable-access-tool/comment-page-11/index.html]
[www.sordum.org/8104/ratool-v1-3-removable-access-tool/comment-page-1/index.html]
[www.sordum.org/8104/ratool-v1-3-removable-access-tool/comment-page-12/index.html]
[www.sordum.org/8104/ratool-v1-3-removable-access-tool/comment-page-9/index.html]
[www.sordum.org/8104/ratool-v1-3-removable-access-tool/comment-page-10/index.html]
[www.sordum.org/8104/ratool-v1-3-removable-access-tool/comment-page-2/index.html]
[www.sordum.org/8104/ratool-v1-3-removable-access-tool/comment-page-3/index.html]
[www.sordum.org/index2822.html]
[www.sordum.org/8104/ratool-v1-3-removable-access-tool/comment-page-8/index.html]
[www.sordum.org/8117/ntfs-drive-protection-v1-0/index.html]
[www.sordum.org/files/downloads8e05.php]
[www.sordum.org/files/ntfs-drive-protection/Ntfs_drive_prot.zip]
[www.sordum.org/downloads/index8e05.html]
[www.sordum.org/8117/ntfs-drive-protection-v1-5/comment-page-3/index.html]
[www.sordum.org/8117/ntfs-drive-protection-v1-5/comment-page-1/index.html]
[www.sordum.org/8117/ntfs-drive-protection-v1-5/comment-page-2/index.html]
[www.sordum.org/indexe7e9.html]
[www.sordum.org/files/downloads2e8d.php]
[www.sordum.org/files/qemu-simple-boot/qsiboot_v1.3.zip]
[www.sordum.org/downloads/index2e8d.html]
[www.sordum.org/7763/qemu-simple-boot-v1-3/comment-page-3/index.html]
[www.sordum.org/7763/qemu-simple-boot-v1-3/comment-page-1/index.html]
[www.sordum.org/7763/qemu-simple-boot-v1-3/comment-page-2/index.html]
[www.sordum.org/indexcb0f.html]
[www.sordum.org/7763/qemu-simple-boot-v1-3/comment-page-4/index.html]
[www.sordum.org/files/downloads.39d4862.delayed]
[www.sordum.org/files/webcam-on-off/webcamonoff.zip]
[www.sordum.org/downloads/index4862.html]
[www.sordum.org/8585/webcam-on-off-v1-3/comment-page-2/index.html]
[www.sordum.org/8585/webcam-on-off-v1-3/comment-page-1/index.html]
[www.sordum.org/index2658.html]
[www.sordum.org/files/downloads.3a5979a.delayed]
[www.sordum.org/downloads/index979a.html]
[www.sordum.org/9312/edge-blocker-v1-4/comment-page-2/index.html]
[www.sordum.org/9312/edge-blocker-v1-4/comment-page-1/index.html]
[www.sordum.org/index4a8f.html]
[www.sordum.org/9312/edge-blocker-v1-4/comment-page-3/index.html]
[www.sordum.org/files/downloads.3ad6bed.delayed]
[www.sordum.org/files/reg-converter/RegCon.zip]
[www.sordum.org/downloads/index6bed.html]
[www.sordum.org/8478/reg-converter-v1-2/comment-page-2/index.html]
[www.sordum.org/8478/reg-converter-v1-2/comment-page-1/index.html]
[www.sordum.org/indexaa77.html]
[www.sordum.org/8478/reg-converter-v1-2/comment-page-3/index.html]
[www.sordum.org/files/downloads.3b546e6.delayed]
[www.sordum.org/files/runastool/RunAsTool.zip]
[www.sordum.org/downloads/index46e6.html]
[www.sordum.org/8727/runastool-v1-4/comment-page-5/index.html]
[www.sordum.org/8727/runastool-v1-4/comment-page-1/index.html]
[www.sordum.org/8727/runastool-v1-4/comment-page-6/index.html]
[www.sordum.org/8727/runastool-v1-4/comment-page-4/index.html]
[www.sordum.org/index00fb.html]
[www.sordum.org/8727/runastool-v1-4/comment-page-3/index.html]
[www.sordum.org/8727/runastool-v1-4/comment-page-2/index.html]
[www.sordum.org/files/downloadscd56.php]
[www.sordum.org/files/bluelife-keyfreeze/KeyFreeze.zip]
[www.sordum.org/downloads/indexcd56.html]
[www.sordum.org/7921/bluelife-keyfreeze-v1-4-block-keyboard-and-mouse/comment-page-4/index.html]
[www.sordum.org/7921/bluelife-keyfreeze-v1-4-block-keyboard-and-mouse/comment-page-1/index.html]
[www.sordum.org/7921/bluelife-keyfreeze-v1-4-block-keyboard-and-mouse/comment-page-3/index.html]
[www.sordum.org/index5d05.html]
[www.sordum.org/7921/bluelife-keyfreeze-v1-4-block-keyboard-and-mouse/comment-page-2/index.html]
[www.sordum.org/7921/bluelife-keyfreeze-v1-4-block-keyboard-and-mouse/comment-page-5/index.html]
[www.sordum.org/files/downloads45e3.php]
[www.sordum.org/files/download/simple-run-blocker/RunBlock.zip]
[www.sordum.org/downloads/index45e3.html]
[www.sordum.org/8486/simple-run-blocker-v1-5/comment-page-2/index.html]
[www.sordum.org/8486/simple-run-blocker-v1-5/comment-page-1/index.html]
[www.sordum.org/index75d8.html]
[www.sordum.org/8486/simple-run-blocker-v1-5/comment-page-3/index.html]
[www.sordum.org/files/downloads946f.php]
[www.sordum.org/files/small-tools/ReduceMemory.zip]
[www.sordum.org/downloads/index946f.html]
[www.sordum.org/9197/reduce-memory-v1-2/comment-page-1/index.html]
[www.sordum.org/index226a.html]
[www.sordum.org/files/downloads2ebd.php]
[www.sordum.org/9197/reduce-memory-v1-2/comment-page-2/index.html]
[www.sordum.org/files/drive-letter-changer/dChanger.zip]
[www.sordum.org/downloads/index2ebd.html]
[www.sordum.org/index0955.html]
[www.sordum.org/files/downloads031e.php]
[www.sordum.org/files/small-tools/RouterDP.zip]
[www.sordum.org/downloads/index031e.html]
[www.sordum.org/index05e7.html]
[www.sordum.org/files/downloads471b.php]
[www.sordum.org/files/power-run/PowerRun.zip]
[www.sordum.org/downloads/index471b.html]
[www.sordum.org/9416/powerrun-v1-3-run-with-highest-privileges/comment-page-3/index.html]
[www.sordum.org/9416/powerrun-v1-3-run-with-highest-privileges/comment-page-1/index.html]
[www.sordum.org/9416/powerrun-v1-3-run-with-highest-privileges/comment-page-2/index.html]
[www.sordum.org/indexe05b.html]
[www.sordum.org/9416/powerrun-v1-3-run-with-highest-privileges/comment-page-4/index.html]
[www.sordum.org/files/downloads.3e9a12c.delayed]
[www.sordum.org/files/simple-vhd-manager/vhd.zip]
[www.sordum.org/downloads/indexa12c.html]
[www.sordum.org/8705/simple-vhd-manager-v1-3/comment-page-2/index.html]
[www.sordum.org/8705/simple-vhd-manager-v1-3/comment-page-1/index.html]
[www.sordum.org/indexda7e.html]
[www.sordum.org/files/downloads0f49.php]
[www.sordum.org/8705/simple-vhd-manager-v1-3/comment-page-3/index.html]
[www.sordum.org/files/sendto-menu-editor/SendToEditor.zip]
[www.sordum.org/downloads/index0f49.html]
[www.sordum.org/indexafbd.html]
[www.sordum.org/files/downloadse83b.php]
[www.sordum.org/files/small-tools/TempCleaner.zip]
[www.sordum.org/downloads/indexe83b.html]
[www.sordum.org/indexdca8.html]
[www.sordum.org/downloads/index1749.html]
[www.sordum.org/9660/net-disabler-v1-0/comment-page-1/index.html]
[www.sordum.org/index9b54.html]
[www.sordum.org/downloads/indexaeeb.html]
[www.sordum.org/9660/net-disabler-v1-0/comment-page-2/index.html]
[www.sordum.org/files/downloads3204.php]
[www.sordum.org/files/small-tools/ReIconCache.zip]
[www.sordum.org/downloads/index3204.html]
[www.sordum.org/indexc2d4.html]
[www.sordum.org/files/downloadsf1fb.php]
[www.sordum.org/files/small-tools/UpdateTime.zip]
[www.sordum.org/downloads/indexf1fb.html]
[www.sordum.org/indexb700.html]
[www.sordum.org/files/downloads.4058bef.delayed]
[www.sordum.org/files/small-tools/Rexplorer.zip]
[www.sordum.org/downloads/index8bef.html]
[www.sordum.org/index61c9.html]
[www.sordum.org/files/downloadsf0ca.php]
[www.sordum.org/files/bpuzzle/bPuzzle.zip]
[www.sordum.org/downloads/indexf0ca.html]
[www.sordum.org/8058/bpuzzle-v1-1/comment-page-1/index.html]
[www.sordum.org/index543d.html]
[www.sordum.org/files/downloads.40fc624.delayed]
[www.sordum.org/8058/bpuzzle-v1-1/comment-page-2/index.html]
[www.sordum.org/files/small-tools/TopMost.zip]
[www.sordum.org/downloads/indexc624.html]
[www.sordum.org/index8ee9.html]
[www.sordum.org/files/downloads8115.php]
[www.sordum.org/files/small-tools/FixPrintSpooler.zip]
[www.sordum.org/downloads/index8115.html]
[www.sordum.org/index63eb.html]
[www.sordum.org/indexbee9.html]
[www.sordum.org/files/downloads3f91.php]
[www.sordum.org/downloads/index53d1.html]
[www.sordum.org/files/download/defender-injector/dInjector.zip]
[www.sordum.org/downloads/index3f91.html]
[www.sordum.org/10636/defender-injector-v1-1/comment-page-1/index.html]
[www.sordum.org/index011e.html]
[www.sordum.org/files/downloadsa63c.php]
[www.sordum.org/files/small-tools/CopyIP.zip]
[www.sordum.org/downloads/indexa63c.html]
[www.sordum.org/index5f14.html]
[www.sordum.org/files/downloadsff99.php]
[www.sordum.org/files/small-tools/Shutdown.zip]
[www.sordum.org/downloads/indexff99.html]
[www.sordum.org/index6040.html]
[www.sordum.org/files/downloads8832.php]
[www.sordum.org/files/small-tools/btVersion.zip]
[www.sordum.org/downloads/index8832.html]
[www.sordum.org/indexb4e5.html]
[www.sordum.org/files/downloadscbf4.php]
[www.sordum.org/files/small-tools/Hibernate.zip]
[www.sordum.org/downloads/indexcbf4.html]
[www.sordum.org/indexdaab.html]
[www.sordum.org/files/downloadse993.php]
[www.sordum.org/files/win10-settings-blocker/WsBlocker.zip]
[www.sordum.org/downloads/indexe993.html]
[www.sordum.org/index6120.html]
[www.sordum.org/files/downloadsa64a.php]
[www.sordum.org/files/small-tools/VhdToMenu.zip]
[www.sordum.org/downloads/indexa64a.html]
[www.sordum.org/index938c.html]
[www.sordum.org/files/downloadsd095.php]
[www.sordum.org/files/small-tools/sDeskIcon.zip]
[www.sordum.org/downloads/indexd095.html]
[www.sordum.org/index93e6.html]
[www.sordum.org/files/downloads7680.php]
[www.sordum.org/downloads/index7680.html]
[www.sordum.org/index644b.html]
[www.sordum.org/files/downloadsf4a4.php]
[www.sordum.org/files/small-tools/PrimeNumbers.zip]
[www.sordum.org/downloads/indexf4a4.html]
[www.sordum.org/indexc853.html]
[www.sordum.org/files/downloads3f91.php]
[www.sordum.org/files/small-tools/MonitorOff.zip]
[www.sordum.org/downloads/index3f91-2.html]
[www.sordum.org/indexa6be.html]
[www.sordum.org/files/downloads2e6a.php]
[www.sordum.org/files/random-password-generator/RandomPW.zip]
[www.sordum.org/downloads/index2e6a.html]
[www.sordum.org/indexb68c.html]
[www.sordum.org/files/downloads.448e094.delayed]
[www.sordum.org/files/hide-from-uninstall-list/HideUL.zip]
[www.sordum.org/downloads/indexe094.html]
[www.sordum.org/indexb8d4.html]
[www.sordum.org/files/downloads755d.php]
[www.sordum.org/files/download/streams-remover/sRemover.zip]
[www.sordum.org/downloads/index755d.html]
[www.sordum.org/index2290.html]
[www.sordum.org/index6347.html]
[www.sordum.org/indexa94e.html]
[www.sordum.org/files/downloads.450dee1.delayed]
[www.sordum.org/files/6to4-remover/6to4remover.zip]
[www.sordum.org/downloads/indexdee1.html]
[www.sordum.org/6423/tunnel-adapter-microsoft-6to4-adapter-remover/comment-page-1/index.html]
[www.sordum.org/index372f.html]
[www.sordum.org/8486/simple-run-blocker-v1-4/index.html]
[www.sordum.org/7941/askadmin-v1-6/comment-page-3/index.html]
[www.sordum.org/author/velociraptor/page/4/index.html]
[www.sordum.org/author/velociraptor/page/5/index.html]
[www.sordum.org/author/velociraptor/page/7/index.html]
[www.sordum.org/author/velociraptor/page/6/index.html]
[www.sordum.org/8110/registry-key-jumper-v1-3/comment-page-3/index.html]
[www.sordum.org/9470/windows-update-blocker-v1-2/comment-page-9/index.html]
[www.sordum.org/9470/windows-update-blocker-v1-2/comment-page-2/index.html]
[www.sordum.org/downloads/index.html]
[www.sordum.org/6423/tunnel-adapter-microsoft-6to4-adapter-remover/comment-page-2/index.html]
[www.sordum.org/9470/windows-update-blocker-v1-2/comment-page-3/index.html]
[www.sordum.org/9470/windows-update-blocker-v1-2/comment-page-8/index.html]
[www.sordum.org/9470/windows-update-blocker-v1-2/comment-page-7/index.html]
[www.sordum.org/10124/folder-painter-v1-2/comment-page-3/index.html]
[www.sordum.org/index34fe.html]
[www.sordum.org/9470/windows-update-blocker-v1-2/comment-page-4/index.html]
[www.sordum.org/9470/windows-update-blocker-v1-2/comment-page-5/index.html]
[www.sordum.org/9470/windows-update-blocker-v1-2/comment-page-6/index.html]
[www.sordum.org/files/downloadsa346.php]
[www.sordum.org/files/small-tools/DPStyle.zip]
[www.sordum.org/downloads/indexa346.html]
[www.sordum.org/7952/dns-jumper-v2-1/indexc284.html]
[www.sordum.org/7952/dns-jumper-v2-1/index87e3.html]
[www.sordum.org/7952/dns-jumper-v2-1/indexba63.html]
[www.sordum.org/7952/dns-jumper-v2-1/comment-page-23/index.html]
[www.sordum.org/7952/dns-jumper-v2-1/comment-page-26/index.html]
[www.sordum.org/7952/dns-jumper-v2-1/comment-page-21/index.html]
[www.sordum.org/dns_jumper/dnsjumper/help.zip]
[www.sordum.org/7952/dns-jumper-v2-1/comment-page-2/index.html]
[www.sordum.org/7952/dns-jumper-v2-1/comment-page-3/index.html]
[www.sordum.org/files/downloads4d7d.php]
[www.sordum.org/7952/dns-jumper-v2-1/comment-page-22/index.html]
[www.sordum.org/7615/easy-context-menu-v1-6/comment-page-9/index.html]
[www.sordum.org/7952/dns-jumper-v2-1/comment-page-5/index.html]
[www.sordum.org/7615/easy-context-menu-v1-6/comment-page-12/index.html]
[www.sordum.org/7615/easy-context-menu-v1-6/comment-page-2/index.html]
[www.sordum.org/7952/dns-jumper-v2-1/comment-page-4/index.html]
[www.sordum.org/7952/dns-jumper-v2-1/comment-page-20/index.html]
[www.sordum.org/7615/easy-context-menu-v1-6/comment-page-3/index.html]
[www.sordum.org/7615/easy-context-menu-v1-6/comment-page-8/index.html]
[www.sordum.org/7615/easy-context-menu-v1-6/comment-page-5/index.html]
[www.sordum.org/7615/easy-context-menu-v1-6/comment-page-7/index.html]
[www.sordum.org/7615/easy-context-menu-v1-6/comment-page-4/index.html]
[www.sordum.org/8125/firewall-app-blocker-fab-v1-6/comment-page-7/index.html]
[www.sordum.org/8125/firewall-app-blocker-fab-v1-6/comment-page-10/index.html]
[www.sordum.org/8125/firewall-app-blocker-fab-v1-6/comment-page-2/index.html]
[www.sordum.org/8125/firewall-app-blocker-fab-v1-6/comment-page-3/index.html]
[www.sordum.org/8125/firewall-app-blocker-fab-v1-6/comment-page-6/index.html]
[www.sordum.org/8637/easy-service-optimizer-v1-2/comment-page-4/index.html]
[www.sordum.org/8266/bluelifehosts-editor-v1-2/comment-page-3/index.html]
[www.sordum.org/8366/reicon-v1-9-restore-desktop-icon-layouts/comment-page-5/index.html]
[www.sordum.org/8366/reicon-v1-9-restore-desktop-icon-layouts/comment-page-8/index.html]
[www.sordum.org/dns_jumper/ReIcon/reicon_autostart.498.delayed]
[www.sordum.org/8366/reicon-v1-9-restore-desktop-icon-layouts/comment-page-2/index.html]
[www.sordum.org/8366/reicon-v1-9-restore-desktop-icon-layouts/comment-page-3/index.html]
[www.sordum.org/7615/easy-context-menu-v1-6/comment-page-6/index.html]
[www.sordum.org/8125/firewall-app-blocker-fab-v1-6/comment-page-5/index.html]
[www.sordum.org/8366/reicon-v1-6-restore-desktop-icon-layouts.49d.delayed]
[www.sordum.org/8366/reicon-v1-9-restore-desktop-icon-layouts/comment-page-4/index.html]
[www.sordum.org/8127/dns-angel-v1-6/comment-page-5/index.html]
[www.sordum.org/8127/dns-angel-v1-6/comment-page-8/index.html]
[www.sordum.org/8127/dns-angel-v1-6/comment-page-2/index.html]
[www.sordum.org/8127/dns-angel-v1-6/comment-page-3/index.html]
[www.sordum.org/8127/dns-angel-v1-6/comment-page-4/index.html]
[www.sordum.org/8104/ratool-v1-3-removable-access-tool/comment-page-9/index.html]
[www.sordum.org/8104/ratool-v1-3-removable-access-tool/comment-page-12/index.html]
[www.sordum.org/8117/ntfs-drive-protection-v1-0/index.html]
[www.sordum.org/8104/ratool-v1-3-removable-access-tool/comment-page-2/index.html]
[www.sordum.org/8104/ratool-v1-3-removable-access-tool/comment-page-3/index.html]
[www.sordum.org/8104/ratool-v1-3-removable-access-tool/comment-page-8/index.html]
[www.sordum.org/8104/ratool-v1-3-removable-access-tool/comment-page-7/index.html]
[www.sordum.org/7763/qemu-simple-boot-v1-3/comment-page-4/index.html]
[www.sordum.org/8104/ratool-v1-3-removable-access-tool/comment-page-4/index.html]
[www.sordum.org/8104/ratool-v1-3-removable-access-tool/comment-page-5/index.html]
[www.sordum.org/8104/ratool-v1-3-removable-access-tool/comment-page-6/index.html]
[www.sordum.org/9312/edge-blocker-v1-4/comment-page-3/index.html]
[www.sordum.org/8478/reg-converter-v1-2/comment-page-3/index.html]
[www.sordum.org/8727/runastool-v1-4/comment-page-3/index.html]
[www.sordum.org/8727/runastool-v1-4/comment-page-6/index.html]
[www.sordum.org/8727/runastool-v1-4/comment-page-2/index.html]
[www.sordum.org/8585/webcam-on-off-v1-3/comment-page-3/index.html]
[www.sordum.org/7921/bluelife-keyfreeze-v1-4-block-keyboard-and-mouse/comment-page-2/index.html]
[www.sordum.org/files/small-tools/EdgeBlock.zip]
[www.sordum.org/7921/bluelife-keyfreeze-v1-4-block-keyboard-and-mouse/comment-page-5/index.html]
[www.sordum.org/8486/simple-run-blocker-v1-5/comment-page-3/index.html]
[www.sordum.org/9197/reduce-memory-v1-2/comment-page-2/index.html]
[www.sordum.org/9416/powerrun-v1-3-run-with-highest-privileges/comment-page-4/index.html]
[www.sordum.org/8705/simple-vhd-manager-v1-3/comment-page-3/index.html]
[www.sordum.org/files/downloadsaeeb.php]
[www.sordum.org/files/small-tools/NetDisabler.zip]
[www.sordum.org/downloads/indexaeeb.html]
[www.sordum.org/9660/net-disabler-v1-0/comment-page-2/index.html]
[www.sordum.org/8058/bpuzzle-v1-1/comment-page-2/index.html]
[www.sordum.org/files/downloads.4d453d1.delayed]
[www.sordum.org/files/small-tools/ResetDu.zip]
[www.sordum.org/downloads/index53d1.html]
[www.sordum.org/6423/tunnel-adapter-microsoft-6to4-adapter-remover/comment-page-2/index.html]
[www.sordum.org/downloads/index.html]
[www.sordum.org/9470/windows-update-blocker-v1-2/comment-page-7/index.html]
[www.sordum.org/9470/windows-update-blocker-v1-2/comment-page-4/index.html]
[www.sordum.org/9470/windows-update-blocker-v1-2/comment-page-5/index.html]
[www.sordum.net/indir/sagtus_ile_engel0007.zip_;]
[www.sordum.org/9470/windows-update-blocker-v1-2/comment-page-6/index.html]
[www.sordum.org/files/downloads.4e54d7d.delayed]
[www.sordum.org/7952/dns-jumper-v2-1/comment-page-21/index.html]
[www.sordum.org/7952/dns-jumper-v2-1/comment-page-19/index.html]
[www.sordum.org/dns_jumper/dnsjumper/help.4e8.delayed]
[www.sordum.org/7952/dns-jumper-v2-1/comment-page-4/index.html]
[www.sordum.org/7952/dns-jumper-v2-1/comment-page-5/index.html]
[www.sordum.org/7952/dns-jumper-v2-1/comment-page-20/index.html]
[www.sordum.org/7952/dns-jumper-v2-1/comment-page-7/index.html]
[www.sordum.org/7952/dns-jumper-v2-1/comment-page-6/index.html]
[www.sordum.org/7952/dns-jumper-v2-0/2/index.html]
[www.sordum.org/7615/easy-context-menu-v1-6/comment-page-7/index.html]
[www.sordum.org/7952/dns-jumper-v2-1/comment-page-18/index.html]
[www.sordum.org/dns_jumper/ec_menu/manage.zip]
[www.sordum.org/7615/easy-context-menu-v1-6/comment-page-4/index.html]
[www.sordum.org/7615/easy-context-menu-v1-6/comment-page-5/index.html]
[www.sordum.org/7615/easy-context-menu-v1-6/comment-page-6/index.html]
[www.sordum.org/8125/firewall-app-blocker-fab-v1-6/comment-page-5/index.html]
[www.sordum.org/8104/ratool-v1-3-removable-access-tool/comment-page-7/index.html]
[www.sordum.org/8104/ratool-v1-3-removable-access-tool/comment-page-4/index.html]
[www.sordum.org/8104/ratool-v1-3-removable-access-tool/comment-page-5/index.html]
[www.sordum.org/8104/ratool-v1-3-removable-access-tool/comment-page-6/index.html]
[www.sordum.org/8585/webcam-on-off-v1-3/comment-page-3/index.html]
[www.sordum.org/7952/dns-jumper-v2-1/comment-page-19/index.html]
[www.sordum.org/7952/dns-jumper-v2-1/comment-page-6/index.html]
[www.sordum.org/8125/firewall-app-blocker-fab-v1-6/comment-page-4/index.html]
[www.sordum.org/7952/dns-jumper-v2-1/comment-page-7/index.html]
[www.sordum.org/7952/dns-jumper-v2-1/comment-page-17/index.html]
[www.sordum.org/7952/dns-jumper-v2-0/2/index.html]
[www.sordum.org/8127/dns-angel-v1-4/index.html]
[www.sordum.org/8127/dns-angel-v1-4/index.html]
[www.sordum.org/7952/dns-jumper-v2-1/comment-page-18/index.html]
[www.sordum.org/8125/firewall-app-blocker-fab-v1-6/comment-page-4/index.html]
[www.sordum.org/7952/dns-jumper-v2-1/comment-page-17/index.html]
[www.sordum.org/7952/dns-jumper-v2-1/comment-page-8/index.html]
[www.sordum.org/7952/dns-jumper-v2-1/comment-page-8/index.html]
[www.sordum.org/7952/dns-jumper-v2-1/comment-page-16/index.html]
[www.sordum.org/7952/dns-jumper-v2-1/comment-page-15/index.html]
[www.sordum.org/7952/dns-jumper-v2-1/comment-page-9/index.html]
[www.sordum.org/7952/dns-jumper-v2-1/comment-page-9/index.html]
[www.sordum.org/7952/dns-jumper-v2-1/comment-page-16/index.html]
[www.sordum.org/7952/dns-jumper-v2-1/comment-page-10/index.html]
[www.sordum.org/7952/dns-jumper-v2-1/comment-page-11/index.html]
[www.sordum.org/7952/dns-jumper-v2-1/comment-page-15/index.html]
[www.sordum.org/7952/dns-jumper-v2-1/comment-page-14/index.html]
[www.sordum.org/8127/dns-angel-v1-2/index.html]
[www.sordum.org/8127/dns-angel-v1-2/index.html]
[www.sordum.org/7952/dns-jumper-v2-1/comment-page-10/index.html]
[www.sordum.org/7952/dns-jumper-v2-1/comment-page-11/index.html]
[www.sordum.org/7952/dns-jumper-v2-1/comment-page-14/index.html]
[www.sordum.org/7952/dns-jumper-v2-1/comment-page-13/index.html]
[www.sordum.org/7952/dns-jumper-v2-1/comment-page-13/index.html]
[www.sordum.org/7952/dns-jumper-v2-1/comment-page-12/index.html]
[www.sordum.org/7952/dns-jumper-v2-1/comment-page-12/index.html]
